<area shape="rect" href="$classParticleManager.html#8cc6658324694ad28d3c50bfc0cbd0f7" title="build the interaction (particle pair) list" alt="" coords="277,208,488,235">
<area shape="rect" href="$classLlist.html#91f735ef2924ff78864157c2434c81e3" title="Get the first node." alt="" coords="589,56,664,83">
<area shape="rect" href="$classLlist.html#a02016d71082697d45b3d0dcd5ce1343" title="Check if the node is the last node." alt="" coords="584,5,669,32">
<area shape="rect" href="$classLlist.html#db32667fa0f00bd82d0c1c08c5998fc9" title="Get the next node." alt="" coords="588,107,665,133">
<area shape="rect" href="$classLlist.html#67608f0f66a3def622134d074294585d" title="Get the node data." alt="" coords="580,360,673,387">
<area shape="rect" href="$classInteraction.html#98a1dd36fd34e7646aec02e21426562d" title="summation of the shear rates" alt="" coords="275,309,491,336">
<area shape="rect" href="$classHydrodynamics.html#049f88c2f97863edae4489618dc9e853" title="Hydrodynamics::Zero_ShearRate" alt="" coords="277,107,488,133">
<area shape="rect" href="$classLlist.html#62d2c41eb7e240d74de37f15fb31717a" title="insert a node with node data" alt="" coords="584,309,669,336">
<area shape="rect" href="$classLlist.html#52e0c9e8af720fc20a70fcd159bae5c6" title="get the list length" alt="" coords="583,411,671,437">
<area shape="rect" href="$classInteraction.html#cba2f76f1316695e948c07d31dfadea9" title="use old interaction object for new interaction" alt="" coords="540,157,713,184">
<area shape="rect" href="$classLlist.html#978a0ea9a47f2b809d8626a6261eb5f6" title="delete a node" alt="" coords="580,208,673,235">
<area shape="rect" href="$vec2d_8h.html#ce785ede99492e5a2e149d4a9a6521af" title="Return the square sum of the vector values." alt="" coords="603,259,651,285">
<area shape="rect" href="$classQuinticSpline.html#67fa50759531bbbbef728d28282788e7" title="Calculates the kernel derivation (a double, not a vector) to distance." alt="" coords="776,107,891,133">
<area shape="rect" href="$classQuinticSpline.html#adc23e95cd346c434b423b3276156e8c" title="Calculates the kernel Laplacian." alt="" coords="764,157,903,184">
<area shape="rect" href="$classQuinticSpline.html#021acaeb55230bf10cf3a2c634381088" title="Calculates the kernel value for the given distance of two particles." alt="" coords="776,208,891,235">
