<area shape="rect" href="$classParticleManager.html#8cc6658324694ad28d3c50bfc0cbd0f7" title="build the interaction (particle pair) list" alt="" coords="231,81,441,108">
<area shape="rect" href="$classHydrodynamics.html#41e1527e65d6f93d81c30467871021f5" title="build new pairs" alt="" coords="521,5,692,32">
<area shape="rect" href="$classHydrodynamics.html#22df8569d81c4c363029efac143ddb26" title="calculate interaction with updating interaction list" alt="" coords="491,56,723,83">
<area shape="rect" href="$classHydrodynamics.html#1818eb1f9044ae980e92c70146e51c5b" title="summation for particles density (with updating interaction list)" alt="" coords="505,107,708,133">
<area shape="rect" href="$classHydrodynamics.html#7ae4f1005699f13414ec6c487bac0ee0" title="summation for shear rates (with updating interaction list)" alt="" coords="496,157,717,184">
<area shape="rect" href="$classTimeSolver.html#edd74b3f1e292277b972b938787f4a3c" title="advance time interval D_time (=output time interval)" alt="" coords="807,5,969,32">
<area shape="rect" href="$classTimeSolver.html#2cbbdd8eecbd3aae12c153f8b9da1402" title="advance time interval D_time with summation for density" alt="" coords="772,56,1004,83">
<area shape="rect" href="$sph_8cpp.html#0ddf1224851353fc92bfbff6f499fa97" title="The main program." alt="" coords="1055,56,1103,83">
