<area shape="rect" href="$classInitiation.html#d6747d9cbd12e6327249606b021a87f1" title="a re&#45;dimensionalize method" alt="" coords="229,5,373,32">
<area shape="rect" href="$classInitiation.html#4d77129052a63bf33ad36638aaa47972" title="a re&#45;dimensionalize method" alt="" coords="237,56,365,83">
<area shape="rect" href="$classInitiation.html#0e76e3a9e585398854689d151b4af2d8" title="a re&#45;dimensionalize method" alt="" coords="235,107,368,133">
<area shape="rect" href="$classLlist.html#91f735ef2924ff78864157c2434c81e3" title="Get the first node." alt="" coords="264,157,339,184">
<area shape="rect" href="$classLlist.html#a02016d71082697d45b3d0dcd5ce1343" title="Check if the node is the last node." alt="" coords="259,208,344,235">
<area shape="rect" href="$classLlist.html#db32667fa0f00bd82d0c1c08c5998fc9" title="Get the next node." alt="" coords="263,259,340,285">
<area shape="rect" href="$classLlist.html#67608f0f66a3def622134d074294585d" title="Get the node data." alt="" coords="255,309,348,336">
