<area shape="rect" href="$classLlist.html#91f735ef2924ff78864157c2434c81e3" title="Get the first node." alt="" coords="295,5,369,32">
<area shape="rect" href="$classLlist.html#a02016d71082697d45b3d0dcd5ce1343" title="Check if the node is the last node." alt="" coords="289,56,375,83">
<area shape="rect" href="$classLlist.html#db32667fa0f00bd82d0c1c08c5998fc9" title="Get the next node." alt="" coords="293,107,371,133">
<area shape="rect" href="$classInteraction.html#1adb37756172d95124e56556c9008120" title="renew pair parameters and changing pair values" alt="" coords="239,157,425,184">
<area shape="rect" href="$classLlist.html#67608f0f66a3def622134d074294585d" title="Get the node data." alt="" coords="285,208,379,235">
<area shape="rect" href="$classQuinticSpline.html#67fa50759531bbbbef728d28282788e7" title="Calculates the kernel derivation (a double, not a vector) to distance." alt="" coords="488,81,603,108">
<area shape="rect" href="$classQuinticSpline.html#adc23e95cd346c434b423b3276156e8c" title="Calculates the kernel Laplacian." alt="" coords="476,132,615,159">
<area shape="rect" href="$vec2d_8h.html#d4fd110790320d1dd8d63411159b4d9c" title="Return the absolute value of the vector (the length)." alt="" coords="519,183,572,209">
<area shape="rect" href="$classQuinticSpline.html#021acaeb55230bf10cf3a2c634381088" title="Calculates the kernel value for the given distance of two particles." alt="" coords="488,233,603,260">
