<area shape="rect" href="$classInteraction.html#9c72b648e00a7bafabc6c96a10492801" title="constructor" alt="" coords="199,5,348,32">
<area shape="rect" href="$classMLS.html#70f00e273459e8fe02baa5a0c06d6f24" title="MLS Mapping to grid points." alt="" coords="465,340,596,367">
<area shape="rect" href="$classInteraction.html#cba2f76f1316695e948c07d31dfadea9" title="use old interaction object for new interaction" alt="" coords="187,157,360,184">
<area shape="rect" href="$classInteraction.html#1adb37756172d95124e56556c9008120" title="renew pair parameters and changing pair values" alt="" coords="180,107,367,133">
<area shape="rect" href="$classHydrodynamics.html#09a3f5a5c055e0efc822fdf80f40cd7d" title="calculate partilce volume" alt="" coords="172,259,375,285">
<area shape="rect" href="$classInitiation.html#e80adc7d2105ad67b766fd1127966df3" title="predict the particle volume and mass" alt="" coords="455,31,607,57">
<area shape="rect" href="$classDiagnose.html#8c14b3fa58083f64be2018bd0462604d" title="calculate the average values" alt="" coords="737,315,865,341">
<area shape="rect" href="$classOutput.html#13b9be49d851806b4ab40d60624095ad" title="avergaed values for Poiseuille and Couette flows (average is taken in horizontal..." alt="" coords="733,416,869,443">
<area shape="rect" href="$classOutput.html#2b41cacb61eecf10cbaca6bebb3e6316" title="output material states on uniform grid" alt="" coords="1011,315,1155,341">
<area shape="rect" href="$classTimeSolver.html#edd74b3f1e292277b972b938787f4a3c" title="advance time interval D_time (=output time interval)" alt="" coords="1001,163,1164,189">
<area shape="rect" href="$classTimeSolver.html#2cbbdd8eecbd3aae12c153f8b9da1402" title="advance time interval D_time with summation for density" alt="" coords="967,213,1199,240">
<area shape="rect" href="$sph_8cpp.html#0ddf1224851353fc92bfbff6f499fa97" title="The main program." alt="" coords="1249,213,1297,240">
<area shape="rect" href="$classParticleManager.html#8cc6658324694ad28d3c50bfc0cbd0f7" title="build the interaction (particle pair) list" alt="" coords="425,163,636,189">
<area shape="rect" href="$classHydrodynamics.html#41e1527e65d6f93d81c30467871021f5" title="build new pairs" alt="" coords="716,163,887,189">
<area shape="rect" href="$classHydrodynamics.html#22df8569d81c4c363029efac143ddb26" title="calculate interaction with updating interaction list" alt="" coords="685,213,917,240">
<area shape="rect" href="$classHydrodynamics.html#1818eb1f9044ae980e92c70146e51c5b" title="summation for particles density (with updating interaction list)" alt="" coords="700,264,903,291">
<area shape="rect" href="$classHydrodynamics.html#7ae4f1005699f13414ec6c487bac0ee0" title="summation for shear rates (with updating interaction list)" alt="" coords="691,112,912,139">
<area shape="rect" href="$classHydrodynamics.html#cf0d749b11e8b8474dd204c6ea080235" title="update new parameters in pairs" alt="" coords="709,61,893,88">
