<area shape="rect" href="$classInitiation.html#d6747d9cbd12e6327249606b021a87f1" title="a re&#45;dimensionalize method" alt="" coords="217,5,361,32">
<area shape="rect" href="$classInitiation.html#0e76e3a9e585398854689d151b4af2d8" title="a re&#45;dimensionalize method" alt="" coords="223,56,356,83">
<area shape="rect" href="$classInitiation.html#1bbabaf118b739c082d9db6e5a0d1021" title="a re&#45;dimensionalize method" alt="" coords="213,107,365,133">
<area shape="rect" href="$classLlist.html#91f735ef2924ff78864157c2434c81e3" title="Get the first node." alt="" coords="252,157,327,184">
<area shape="rect" href="$classLlist.html#a02016d71082697d45b3d0dcd5ce1343" title="Check if the node is the last node." alt="" coords="247,208,332,235">
<area shape="rect" href="$classLlist.html#db32667fa0f00bd82d0c1c08c5998fc9" title="Get the next node." alt="" coords="251,259,328,285">
<area shape="rect" href="$classLlist.html#67608f0f66a3def622134d074294585d" title="Get the node data." alt="" coords="243,309,336,336">
