<area shape="rect" href="$classLlist.html#91f735ef2924ff78864157c2434c81e3" title="Get the first node." alt="" coords="212,5,287,32">
<area shape="rect" href="$classLlist.html#a02016d71082697d45b3d0dcd5ce1343" title="Check if the node is the last node." alt="" coords="207,56,292,83">
<area shape="rect" href="$classMLS.html#7c7baa105805cd17714d35e351283bf7" title="calculate the shape function and its derivative" alt="" coords="187,107,312,133">
<area shape="rect" href="$classLlist.html#db32667fa0f00bd82d0c1c08c5998fc9" title="Get the next node." alt="" coords="211,157,288,184">
<area shape="rect" href="$classLlist.html#67608f0f66a3def622134d074294585d" title="Get the node data." alt="" coords="203,208,296,235">
<area shape="rect" href="$vec2d_8h.html#977aa48c7b1ffeff460162482c21e2c4" title="Return the distance of two points given as vectors." alt="" coords="208,259,291,285">
<area shape="rect" href="$classQuinticSpline.html#021acaeb55230bf10cf3a2c634381088" title="Calculates the kernel value for the given distance of two particles." alt="" coords="192,309,307,336">
<area shape="rect" href="$glbfunc_8cpp.html#7bf26e1cff694aad68df394cb63c1a31" title="f. Get the inverse of symmetric array" alt="" coords="361,107,505,133">
<area shape="rect" href="$glbfunc_8h.html#ecdd3901ee6e4ecdafd81998cef6cafe" title="c. Get the absolute" alt="" coords="555,107,603,133">
