<area shape="rect" href="$classInitiation.html#d08c20a915f7c4878a8e382d54874fb1" title="a re&#45;dimensionalize method" alt="" coords="241,5,388,32">
<area shape="rect" href="$classInitiation.html#d6747d9cbd12e6327249606b021a87f1" title="a re&#45;dimensionalize method" alt="" coords="243,56,387,83">
<area shape="rect" href="$classInitiation.html#e28be0f6a53920bdab379301eb414990" title="a re&#45;dimensionalize method" alt="" coords="244,107,385,133">
<area shape="rect" href="$classInitiation.html#0e76e3a9e585398854689d151b4af2d8" title="a re&#45;dimensionalize method" alt="" coords="248,157,381,184">
<area shape="rect" href="$classLlist.html#91f735ef2924ff78864157c2434c81e3" title="Get the first node." alt="" coords="277,208,352,235">
<area shape="rect" href="$classLlist.html#a02016d71082697d45b3d0dcd5ce1343" title="Check if the node is the last node." alt="" coords="272,259,357,285">
<area shape="rect" href="$classLlist.html#db32667fa0f00bd82d0c1c08c5998fc9" title="Get the next node." alt="" coords="276,309,353,336">
<area shape="rect" href="$classLlist.html#67608f0f66a3def622134d074294585d" title="Get the node data." alt="" coords="268,360,361,387">
<area shape="rect" href="$vec2d_8h.html#d4fd110790320d1dd8d63411159b4d9c" title="Return the absolute value of the vector (the length)." alt="" coords="288,411,341,437">
