<area shape="rect" href="$classLlist.html#91f735ef2924ff78864157c2434c81e3" title="Get the first node." alt="" coords="524,63,599,89">
<area shape="rect" href="$classLlist.html#a02016d71082697d45b3d0dcd5ce1343" title="Check if the node is the last node." alt="" coords="519,12,604,39">
<area shape="rect" href="$classLlist.html#db32667fa0f00bd82d0c1c08c5998fc9" title="Get the next node." alt="" coords="523,164,600,191">
<area shape="rect" href="$classLlist.html#67608f0f66a3def622134d074294585d" title="Get the node data." alt="" coords="515,215,608,241">
<area shape="rect" href="$classInteraction.html#8151e605eb5d7695e0203e2f126c7b4c" title="summation of the density" alt="" coords="259,265,459,292">
<area shape="rect" href="$classHydrodynamics.html#1698dbe8ecc0e730319de5d7eca7a891" title="calculate states from conservatives" alt="" coords="263,113,455,140">
<area shape="rect" href="$classHydrodynamics.html#13810b3b4110a2b931bf7426af2f9bcf" title="initiate particle density to zero" alt="" coords="263,63,455,89">
<area shape="rect" href="$classMaterial.html#be327be4e21bff9a227d0152c0db3f97" title="get pressure" alt="" coords="508,113,615,140">
