<area shape="rect" href="$classBoundary.html#e721f2c23112698b3cee9a3848f3deb1" title="implement east side boundary by modifying particle states" alt="" coords="255,5,409,32">
<area shape="rect" href="$classBoundary.html#ec89b3e4212c60f0b6a42199a844d032" title="implement north side boundary by modifying particle states" alt="" coords="255,56,409,83">
<area shape="rect" href="$classBoundary.html#7ce0aad430a89265e89b76c79ab09dc9" title="implement north&#45;east corner boundary by modifying particle states" alt="" coords="251,107,413,133">
<area shape="rect" href="$classBoundary.html#75bfad6f3ef080a83ca3c0746f94ca4e" title="implement north&#45;west corner boundary by modifying particle states" alt="" coords="248,157,416,184">
<area shape="rect" href="$classBoundary.html#50c82df28f8e11186b2f3e6f0bd971b0" title="implement south side boundary by modifying particle states" alt="" coords="255,208,409,235">
<area shape="rect" href="$classBoundary.html#8a334d5f6950a17261504751a706ec78" title="implement south&#45;east corner boundary by modifying particle states" alt="" coords="251,259,413,285">
<area shape="rect" href="$classBoundary.html#5ec3b43fbe487290b3b3c584ffdfbd54" title="implement south&#45;west corner boundary by modifying particle states" alt="" coords="248,309,416,336">
<area shape="rect" href="$classBoundary.html#8879fae60c663d0bdf55acf44516cd42" title="implement west side boundary by modifying particle states" alt="" coords="252,360,412,387">
<area shape="rect" href="$classLlist.html#91f735ef2924ff78864157c2434c81e3" title="Get the first node." alt="" coords="295,411,369,437">
<area shape="rect" href="$classLlist.html#a02016d71082697d45b3d0dcd5ce1343" title="Check if the node is the last node." alt="" coords="289,461,375,488">
<area shape="rect" href="$classLlist.html#db32667fa0f00bd82d0c1c08c5998fc9" title="Get the next node." alt="" coords="293,512,371,539">
<area shape="rect" href="$classLlist.html#67608f0f66a3def622134d074294585d" title="Get the node data." alt="" coords="285,563,379,589">
<area shape="rect" href="$classParticle.html#d202d28edab1253eb51be75ea0cbdbfd" title="particle states copier for boundary particles" alt="" coords="259,613,405,640">
