<area shape="rect" href="$classHydrodynamics.html#abdebac769f07f2500c21689fafa2981" title="add the gravity effects" alt="" coords="303,119,484,145">
<area shape="rect" href="$classLlist.html#91f735ef2924ff78864157c2434c81e3" title="Get the first node." alt="" coords="600,17,675,44">
<area shape="rect" href="$classLlist.html#a02016d71082697d45b3d0dcd5ce1343" title="Check if the node is the last node." alt="" coords="595,68,680,95">
<area shape="rect" href="$classLlist.html#db32667fa0f00bd82d0c1c08c5998fc9" title="Get the next node." alt="" coords="599,119,676,145">
<area shape="rect" href="$classLlist.html#67608f0f66a3def622134d074294585d" title="Get the node data." alt="" coords="591,169,684,196">
<area shape="rect" href="$classParticleManager.html#8cc6658324694ad28d3c50bfc0cbd0f7" title="build the interaction (particle pair) list" alt="" coords="288,271,499,297">
<area shape="rect" href="$classInteraction.html#7d1b68aea03829678cfbe8c5ec3acc2a" title="update forces" alt="" coords="308,321,479,348">
<area shape="rect" href="$classHydrodynamics.html#67e2d72d69156a086d43168f5cd58bf7" title="initiate particle change rate" alt="" coords="285,68,501,95">
<area shape="rect" href="$classLlist.html#62d2c41eb7e240d74de37f15fb31717a" title="insert a node with node data" alt="" coords="595,321,680,348">
<area shape="rect" href="$classLlist.html#52e0c9e8af720fc20a70fcd159bae5c6" title="get the list length" alt="" coords="593,372,681,399">
<area shape="rect" href="$classInteraction.html#cba2f76f1316695e948c07d31dfadea9" title="use old interaction object for new interaction" alt="" coords="551,423,724,449">
<area shape="rect" href="$classLlist.html#978a0ea9a47f2b809d8626a6261eb5f6" title="delete a node" alt="" coords="591,220,684,247">
<area shape="rect" href="$vec2d_8h.html#ce785ede99492e5a2e149d4a9a6521af" title="Return the square sum of the vector values." alt="" coords="613,271,661,297">
<area shape="rect" href="$classQuinticSpline.html#67fa50759531bbbbef728d28282788e7" title="Calculates the kernel derivation (a double, not a vector) to distance." alt="" coords="787,372,901,399">
<area shape="rect" href="$classQuinticSpline.html#adc23e95cd346c434b423b3276156e8c" title="Calculates the kernel Laplacian." alt="" coords="775,423,913,449">
<area shape="rect" href="$classQuinticSpline.html#021acaeb55230bf10cf3a2c634381088" title="Calculates the kernel value for the given distance of two particles." alt="" coords="787,473,901,500">
