<area shape="rect" href="$classInitiation.html#916e5b3e316dad1f524a1327b9e4aeb4" title="non&#45;dimensionalize initial condition and parameters" alt="" coords="179,208,371,235">
<area shape="rect" href="$classInitiation.html#cdbf1374b9b0f0b50a0bb1d9abf76293" title="show information on screen" alt="" coords="187,259,363,285">
<area shape="rect" href="$classInitiation.html#cc810254f426d6f2ed61ef6edee27d89" title="a non dimensionalize method" alt="" coords="419,5,627,32">
<area shape="rect" href="$classInitiation.html#5e09a2250d66d54ef63def3cb9419eae" title="a non dimensionalize method" alt="" coords="423,56,623,83">
<area shape="rect" href="$classInitiation.html#1b13c381a36c5d841bf9b4dc108a03f6" title="a non dimensionalize method" alt="" coords="428,107,617,133">
<area shape="rect" href="$classInitiation.html#921fe74dff7653520c5e72cc5c11b353" title="a non dimensionalize method" alt="" coords="437,157,608,184">
<area shape="rect" href="$classInitiation.html#689c73dd7149dc11207eca5c3109a7cd" title="a non dimensionalize method" alt="" coords="451,208,595,235">
<area shape="rect" href="$classInitiation.html#29245385c400c4f0de40707cb07dc0dd" title="a non dimensionalize method" alt="" coords="445,259,600,285">
<area shape="rect" href="$classInitiation.html#deddac317c4755623e4fcef187b3f07a" title="a non dimensionalize method" alt="" coords="451,309,595,336">
<area shape="rect" href="$classInitiation.html#2ec28f27a197bfaeb3937733dbb47b03" title="a non dimensionalize method" alt="" coords="441,360,604,387">
<area shape="rect" href="$classInitiation.html#7e4fbcccd66df50f14970074038c2988" title="a non dimensionalize method" alt="" coords="433,411,612,437">
