<area shape="rect" href="$classBoundary.html#8a40f99b73f3622cd5f1387fcbbdb824" title="build boundary particles" alt="" coords="196,385,415,412">
<area shape="rect" href="$classBoundary.html#bdce0051ff1e2651413242877a4fc507" title="non&#45;dimensionalize" alt="" coords="207,588,404,615">
<area shape="rect" href="$classBoundary.html#116df4b717184d962f40bdc88de26763" title="show information on screen" alt="" coords="213,639,397,665">
<area shape="rect" href="$classBoundary.html#e721f2c23112698b3cee9a3848f3deb1" title="implement east side boundary by modifying particle states" alt="" coords="477,5,632,32">
<area shape="rect" href="$classBoundary.html#ec89b3e4212c60f0b6a42199a844d032" title="implement north side boundary by modifying particle states" alt="" coords="477,56,632,83">
<area shape="rect" href="$classBoundary.html#7ce0aad430a89265e89b76c79ab09dc9" title="implement north&#45;east corner boundary by modifying particle states" alt="" coords="473,107,636,133">
<area shape="rect" href="$classBoundary.html#75bfad6f3ef080a83ca3c0746f94ca4e" title="implement north&#45;west corner boundary by modifying particle states" alt="" coords="471,157,639,184">
<area shape="rect" href="$classBoundary.html#50c82df28f8e11186b2f3e6f0bd971b0" title="implement south side boundary by modifying particle states" alt="" coords="477,208,632,235">
<area shape="rect" href="$classBoundary.html#8a334d5f6950a17261504751a706ec78" title="implement south&#45;east corner boundary by modifying particle states" alt="" coords="473,259,636,285">
<area shape="rect" href="$classBoundary.html#5ec3b43fbe487290b3b3c584ffdfbd54" title="implement south&#45;west corner boundary by modifying particle states" alt="" coords="471,309,639,336">
<area shape="rect" href="$classBoundary.html#8879fae60c663d0bdf55acf44516cd42" title="implement west side boundary by modifying particle states" alt="" coords="475,360,635,387">
<area shape="rect" href="$classLlist.html#27c7c4149e117b782289c2d5bc965635" title="re&#45;initialize to empty list" alt="" coords="515,411,595,437">
<area shape="rect" href="$classLlist.html#09061ffe39434195d24e86dc1c53a047" title="re&#45;initialize to empty list" alt="" coords="499,461,611,488">
<area shape="rect" href="$classLlist.html#91f735ef2924ff78864157c2434c81e3" title="Get the first node." alt="" coords="517,512,592,539">
<area shape="rect" href="$classLlist.html#62d2c41eb7e240d74de37f15fb31717a" title="insert a node with node data" alt="" coords="512,563,597,589">
<area shape="rect" href="$classLlist.html#a02016d71082697d45b3d0dcd5ce1343" title="Check if the node is the last node." alt="" coords="512,613,597,640">
<area shape="rect" href="$classLlist.html#db32667fa0f00bd82d0c1c08c5998fc9" title="Get the next node." alt="" coords="516,664,593,691">
<area shape="rect" href="$classLlist.html#67608f0f66a3def622134d074294585d" title="Get the node data." alt="" coords="508,715,601,741">
<area shape="rect" href="$classInitiation.html#7e4fbcccd66df50f14970074038c2988" title="a non dimensionalize method" alt="" coords="465,765,644,792">
