<area shape="rect" href="$classWiener.html#be754cfa9c89ec2e405126f26997e0f0" title="wiener process with Flekkoy&#39;s form" alt="" coords="207,5,337,32">
<area shape="rect" href="$classWiener.html#9bf2a13de68b15f52e6b3ff5a9c485b6" title="produce wiener vlaue matrix with symmetric tracless part, and the trace" alt="" coords="179,56,365,83">
<area shape="rect" href="$classInteraction.html#25763a827f24b2b073c564f274b0ae47" title="update random forces" alt="" coords="441,5,617,32">
<area shape="rect" href="$classHydrodynamics.html#2ea6824bef3da552942cbf0c0653a4c0" title="calculate random interaction without updating interaction list (DPD simulation)" alt="" coords="693,5,901,32">
<area shape="rect" href="$classTimeSolver.html#edd74b3f1e292277b972b938787f4a3c" title="advance time interval D_time (=output time interval)" alt="" coords="949,5,1112,32">
<area shape="rect" href="$classInteraction.html#90f82e85aeec6d1d2ee4229f18049bd8" title="update random forces with Espanol&#39;s method" alt="" coords="413,56,645,83">
