<area shape="rect" href="$classDiagnose.html#ef3922caa185f5d587edad0eaaf655d3" title="build distribution" alt="" coords="215,132,391,159">
<area shape="rect" href="$classInitiation.html#0e76e3a9e585398854689d151b4af2d8" title="a re&#45;dimensionalize method" alt="" coords="236,183,369,209">
<area shape="rect" href="$classLlist.html#52e0c9e8af720fc20a70fcd159bae5c6" title="get the list length" alt="" coords="259,233,347,260">
<area shape="rect" href="$glbfunc_8cpp.html#78a6c97f8b8f5e0fbb4e52d0aa6110aa" title="a. Get the maximum" alt="" coords="456,5,520,32">
<area shape="rect" href="$glbfunc_8cpp.html#70d74bfbfb9d5e299e3effddb147b5ce" title="b. Get the minimum" alt="" coords="459,56,517,83">
<area shape="rect" href="$classLlist.html#91f735ef2924ff78864157c2434c81e3" title="Get the first node." alt="" coords="451,107,525,133">
<area shape="rect" href="$classLlist.html#a02016d71082697d45b3d0dcd5ce1343" title="Check if the node is the last node." alt="" coords="445,157,531,184">
<area shape="rect" href="$classLlist.html#db32667fa0f00bd82d0c1c08c5998fc9" title="Get the next node." alt="" coords="449,208,527,235">
<area shape="rect" href="$classLlist.html#67608f0f66a3def622134d074294585d" title="Get the node data." alt="" coords="441,259,535,285">
