<area shape="rect" href="$classMaterial.html#7319953e9448604807d6e9301eea6986" title="non&#45;dimensionalize" alt="" coords="176,132,365,159">
<area shape="rect" href="$classMaterial.html#1c79d7b457fd73587612d34c687f4286" title="show properties" alt="" coords="187,208,355,235">
<area shape="rect" href="$classInitiation.html#7d54bcdd903f0d9a0b602008bf9cd10d" title="a non dimensionalize method" alt="" coords="413,5,645,32">
<area shape="rect" href="$classInitiation.html#98ded96b747a9ee7512fcc95702b2580" title="a non dimensionalize method" alt="" coords="432,56,627,83">
<area shape="rect" href="$classInitiation.html#689c73dd7149dc11207eca5c3109a7cd" title="a non dimensionalize method" alt="" coords="457,107,601,133">
<area shape="rect" href="$classInitiation.html#29245385c400c4f0de40707cb07dc0dd" title="a non dimensionalize method" alt="" coords="452,157,607,184">
<area shape="rect" href="$classInitiation.html#0d433208c495509df2e2270804b9c2ef" title="a non dimensionalize method" alt="" coords="436,208,623,235">
<area shape="rect" href="$glbfunc_8cpp.html#78a6c97f8b8f5e0fbb4e52d0aa6110aa" title="a. Get the maximum" alt="" coords="497,259,561,285">
