<area shape="rect" href="$classParticleManager.html#4e0f9e5cb222739a83f0f80ee4ba265b" title="do NNP search around a point and build the NNP list" alt="" coords="185,157,364,184">
<area shape="rect" href="$classLlist.html#91f735ef2924ff78864157c2434c81e3" title="Get the first node." alt="" coords="439,208,513,235">
<area shape="rect" href="$classLlist.html#a02016d71082697d45b3d0dcd5ce1343" title="Check if the node is the last node." alt="" coords="433,56,519,83">
<area shape="rect" href="$classLlist.html#db32667fa0f00bd82d0c1c08c5998fc9" title="Get the next node." alt="" coords="437,360,515,387">
<area shape="rect" href="$classLlist.html#67608f0f66a3def622134d074294585d" title="Get the node data." alt="" coords="429,259,523,285">
<area shape="rect" href="$classLlist.html#27c7c4149e117b782289c2d5bc965635" title="re&#45;initialize to empty list" alt="" coords="235,411,315,437">
<area shape="rect" href="$classLlist.html#6a139c360a8687527ebd74a27ff77ec2" title="Check if the list is empty (the first node is the last)." alt="" coords="231,461,319,488">
<area shape="rect" href="$classMLS.html#70f00e273459e8fe02baa5a0c06d6f24" title="MLS Mapping to grid points." alt="" coords="209,259,340,285">
<area shape="rect" href="$classLlist.html#09061ffe39434195d24e86dc1c53a047" title="re&#45;initialize to empty list" alt="" coords="420,5,532,32">
<area shape="rect" href="$classLlist.html#62d2c41eb7e240d74de37f15fb31717a" title="insert a node with node data" alt="" coords="433,107,519,133">
<area shape="rect" href="$vec2d_8h.html#977aa48c7b1ffeff460162482c21e2c4" title="Return the distance of two points given as vectors." alt="" coords="435,157,517,184">
<area shape="rect" href="$classMLS.html#7c7baa105805cd17714d35e351283bf7" title="calculate the shape function and its derivative" alt="" coords="413,309,539,336">
<area shape="rect" href="$classQuinticSpline.html#021acaeb55230bf10cf3a2c634381088" title="Calculates the kernel value for the given distance of two particles." alt="" coords="419,411,533,437">
<area shape="rect" href="$glbfunc_8cpp.html#7bf26e1cff694aad68df394cb63c1a31" title="f. Get the inverse of symmetric array" alt="" coords="588,309,732,336">
<area shape="rect" href="$glbfunc_8h.html#ecdd3901ee6e4ecdafd81998cef6cafe" title="c. Get the absolute" alt="" coords="781,309,829,336">
