<area shape="rect" href="$classDiagnose.html#8c14b3fa58083f64be2018bd0462604d" title="calculate the average values" alt="" coords="340,689,468,716">
<area shape="rect" href="$classBoundary.html#bedd190ee91482e4e59b2a613ab25d57" title="boundary conditions" alt="" coords="599,233,791,260">
<area shape="rect" href="$classBoundary.html#8a40f99b73f3622cd5f1387fcbbdb824" title="build boundary particles" alt="" coords="585,284,804,311">
<area shape="rect" href="$classHydrodynamics.html#41e1527e65d6f93d81c30467871021f5" title="build new pairs" alt="" coords="319,867,489,893">
<area shape="rect" href="$classHydrodynamics.html#6a62dad5b8c33b504481a8e4e5b023cb" title="for corrector method, density evaluated with summation (that means: no density update..." alt="" coords="573,1399,816,1425">
<area shape="rect" href="$classInitiation.html#0e76e3a9e585398854689d151b4af2d8" title="a re&#45;dimensionalize method" alt="" coords="887,1981,1020,2008">
<area shape="rect" href="$classHydrodynamics.html#281acddb6d4dd1efa9970f24a6bf57cd" title="get the time step" alt="" coords="599,1804,791,1831">
<area shape="rect" href="$classDiagnose.html#9c73b32dc8facce488617780250c14bf" title="track the globle average kinetic energy, weight center position and velocity" alt="" coords="601,1855,788,1881">
<area shape="rect" href="$classHydrodynamics.html#911fe25b94fec398fad1f2def036d755" title="for predictor method, density evaluated with summation (that means: no density update..." alt="" coords="573,1297,816,1324">
<area shape="rect" href="$classBoundary.html#ac37e18aaf60503a66173d9428ed9e54" title="check particle if particle run out of the computational domain" alt="" coords="607,1551,783,1577">
<area shape="rect" href="$classDiagnose.html#bf6d65f3716a9d637186f97c62f7218b" title="save the states of a particle in particle states vectors (vx_list, vy_list, rho_list)..." alt="" coords="620,487,769,513">
<area shape="rect" href="$classParticleManager.html#740244439672f753735abc5a6a7cc3bc" title="update the cell linked lists for real particles" alt="" coords="569,385,820,412">
<area shape="rect" href="$classHydrodynamics.html#22df8569d81c4c363029efac143ddb26" title="calculate interaction with updating interaction list" alt="" coords="288,1044,520,1071">
<area shape="rect" href="$classHydrodynamics.html#1818eb1f9044ae980e92c70146e51c5b" title="summation for particles density (with updating interaction list)" alt="" coords="303,1247,505,1273">
<area shape="rect" href="$classHydrodynamics.html#cf0d749b11e8b8474dd204c6ea080235" title="update new parameters in pairs" alt="" coords="603,1449,787,1476">
<area shape="rect" href="$classHydrodynamics.html#939e9b2ec26b3e4a2eaf2683e5f0343d" title="not independant with UpdateDensity" alt="" coords="572,1500,817,1527">
<area shape="rect" href="$classHydrodynamics.html#f5b2c4ad14824e4b6192faa6f60f4014" title="Hydrodynamics::UpdateSurfaceStress" alt="" coords="573,1601,816,1628">
<area shape="rect" href="$classParticleManager.html#4e0f9e5cb222739a83f0f80ee4ba265b" title="do NNP search around a point and build the NNP list" alt="" coords="605,588,784,615">
<area shape="rect" href="$classLlist.html#91f735ef2924ff78864157c2434c81e3" title="Get the first node." alt="" coords="916,917,991,944">
<area shape="rect" href="$classLlist.html#a02016d71082697d45b3d0dcd5ce1343" title="Check if the node is the last node." alt="" coords="911,1424,996,1451">
<area shape="rect" href="$classLlist.html#db32667fa0f00bd82d0c1c08c5998fc9" title="Get the next node." alt="" coords="915,1095,992,1121">
<area shape="rect" href="$classLlist.html#67608f0f66a3def622134d074294585d" title="Get the node data." alt="" coords="907,993,1000,1020">
<area shape="rect" href="$classLlist.html#27c7c4149e117b782289c2d5bc965635" title="re&#45;initialize to empty list" alt="" coords="913,461,993,488">
<area shape="rect" href="$classLlist.html#6a139c360a8687527ebd74a27ff77ec2" title="Check if the list is empty (the first node is the last)." alt="" coords="651,537,739,564">
<area shape="rect" href="$classMLS.html#70f00e273459e8fe02baa5a0c06d6f24" title="MLS Mapping to grid points." alt="" coords="629,892,760,919">
<area shape="rect" href="$classLlist.html#09061ffe39434195d24e86dc1c53a047" title="re&#45;initialize to empty list" alt="" coords="897,512,1009,539">
<area shape="rect" href="$classLlist.html#62d2c41eb7e240d74de37f15fb31717a" title="insert a node with node data" alt="" coords="911,563,996,589">
<area shape="rect" href="$classBoundary.html#e721f2c23112698b3cee9a3848f3deb1" title="implement east side boundary by modifying particle states" alt="" coords="876,360,1031,387">
<area shape="rect" href="$classBoundary.html#ec89b3e4212c60f0b6a42199a844d032" title="implement north side boundary by modifying particle states" alt="" coords="876,411,1031,437">
<area shape="rect" href="$classBoundary.html#7ce0aad430a89265e89b76c79ab09dc9" title="implement north&#45;east corner boundary by modifying particle states" alt="" coords="872,56,1035,83">
<area shape="rect" href="$classBoundary.html#75bfad6f3ef080a83ca3c0746f94ca4e" title="implement north&#45;west corner boundary by modifying particle states" alt="" coords="869,107,1037,133">
<area shape="rect" href="$classBoundary.html#50c82df28f8e11186b2f3e6f0bd971b0" title="implement south side boundary by modifying particle states" alt="" coords="876,157,1031,184">
<area shape="rect" href="$classBoundary.html#8a334d5f6950a17261504751a706ec78" title="implement south&#45;east corner boundary by modifying particle states" alt="" coords="872,208,1035,235">
<area shape="rect" href="$classBoundary.html#5ec3b43fbe487290b3b3c584ffdfbd54" title="implement south&#45;west corner boundary by modifying particle states" alt="" coords="869,259,1037,285">
<area shape="rect" href="$classBoundary.html#8879fae60c663d0bdf55acf44516cd42" title="implement west side boundary by modifying particle states" alt="" coords="873,309,1033,336">
<area shape="rect" href="$classParticle.html#d202d28edab1253eb51be75ea0cbdbfd" title="particle states copier for boundary particles" alt="" coords="880,5,1027,32">
<area shape="rect" href="$classParticleManager.html#8cc6658324694ad28d3c50bfc0cbd0f7" title="build the interaction (particle pair) list" alt="" coords="589,740,800,767">
<area shape="rect" href="$classLlist.html#978a0ea9a47f2b809d8626a6261eb5f6" title="delete a node" alt="" coords="907,664,1000,691">
<area shape="rect" href="$glbfunc_8cpp.html#78a6c97f8b8f5e0fbb4e52d0aa6110aa" title="a. Get the maximum" alt="" coords="921,1728,985,1755">
<area shape="rect" href="$glbfunc_8cpp.html#70d74bfbfb9d5e299e3effddb147b5ce" title="b. Get the minimum" alt="" coords="924,1677,983,1704">
<area shape="rect" href="$vec2d_8h.html#d4fd110790320d1dd8d63411159b4d9c" title="Return the absolute value of the vector (the length)." alt="" coords="927,1779,980,1805">
<area shape="rect" href="$classInitiation.html#d08c20a915f7c4878a8e382d54874fb1" title="a re&#45;dimensionalize method" alt="" coords="880,1829,1027,1856">
<area shape="rect" href="$classInitiation.html#d6747d9cbd12e6327249606b021a87f1" title="a re&#45;dimensionalize method" alt="" coords="881,1880,1025,1907">
<area shape="rect" href="$classInitiation.html#e28be0f6a53920bdab379301eb414990" title="a re&#45;dimensionalize method" alt="" coords="883,1931,1024,1957">
<area shape="rect" href="$glbfunc_8h.html#ecdd3901ee6e4ecdafd81998cef6cafe" title="c. Get the absolute" alt="" coords="929,1551,977,1577">
<area shape="rect" href="$classHydrodynamics.html#abdebac769f07f2500c21689fafa2981" title="add the gravity effects" alt="" coords="604,1044,785,1071">
<area shape="rect" href="$classInteraction.html#7d1b68aea03829678cfbe8c5ec3acc2a" title="update forces" alt="" coords="609,1095,780,1121">
<area shape="rect" href="$classHydrodynamics.html#67e2d72d69156a086d43168f5cd58bf7" title="initiate particle change rate" alt="" coords="587,943,803,969">
<area shape="rect" href="$classInteraction.html#8151e605eb5d7695e0203e2f126c7b4c" title="summation of the density" alt="" coords="595,1247,795,1273">
