<area shape="rect" href="$classParticleManager.html#4e0f9e5cb222739a83f0f80ee4ba265b" title="do NNP search around a point and build the NNP list" alt="" coords="191,157,369,184">
<area shape="rect" href="$classLlist.html#91f735ef2924ff78864157c2434c81e3" title="Get the first node." alt="" coords="444,208,519,235">
<area shape="rect" href="$classLlist.html#a02016d71082697d45b3d0dcd5ce1343" title="Check if the node is the last node." alt="" coords="439,56,524,83">
<area shape="rect" href="$classLlist.html#db32667fa0f00bd82d0c1c08c5998fc9" title="Get the next node." alt="" coords="443,360,520,387">
<area shape="rect" href="$classLlist.html#67608f0f66a3def622134d074294585d" title="Get the node data." alt="" coords="435,259,528,285">
<area shape="rect" href="$classLlist.html#27c7c4149e117b782289c2d5bc965635" title="re&#45;initialize to empty list" alt="" coords="240,411,320,437">
<area shape="rect" href="$classInitiation.html#d6747d9cbd12e6327249606b021a87f1" title="a re&#45;dimensionalize method" alt="" coords="208,461,352,488">
<area shape="rect" href="$classInitiation.html#282fa06b6cb9769ceb01a2b22976126f" title="a re&#45;dimensionalize method" alt="" coords="223,512,337,539">
<area shape="rect" href="$classInitiation.html#4d77129052a63bf33ad36638aaa47972" title="a re&#45;dimensionalize method" alt="" coords="216,563,344,589">
<area shape="rect" href="$classInitiation.html#f769934489a9293b6059072bf0e26ae7" title="a re&#45;dimensionalize method" alt="" coords="223,613,337,640">
<area shape="rect" href="$classInitiation.html#0e76e3a9e585398854689d151b4af2d8" title="a re&#45;dimensionalize method" alt="" coords="213,664,347,691">
<area shape="rect" href="$classInitiation.html#1bbabaf118b739c082d9db6e5a0d1021" title="a re&#45;dimensionalize method" alt="" coords="204,715,356,741">
<area shape="rect" href="$classLlist.html#6a139c360a8687527ebd74a27ff77ec2" title="Check if the list is empty (the first node is the last)." alt="" coords="236,765,324,792">
<area shape="rect" href="$classMLS.html#70f00e273459e8fe02baa5a0c06d6f24" title="MLS Mapping to grid points." alt="" coords="215,259,345,285">
<area shape="rect" href="$classLlist.html#09061ffe39434195d24e86dc1c53a047" title="re&#45;initialize to empty list" alt="" coords="425,5,537,32">
<area shape="rect" href="$classLlist.html#62d2c41eb7e240d74de37f15fb31717a" title="insert a node with node data" alt="" coords="439,107,524,133">
<area shape="rect" href="$vec2d_8h.html#977aa48c7b1ffeff460162482c21e2c4" title="Return the distance of two points given as vectors." alt="" coords="440,157,523,184">
<area shape="rect" href="$classMLS.html#7c7baa105805cd17714d35e351283bf7" title="calculate the shape function and its derivative" alt="" coords="419,309,544,336">
<area shape="rect" href="$classQuinticSpline.html#021acaeb55230bf10cf3a2c634381088" title="Calculates the kernel value for the given distance of two particles." alt="" coords="424,411,539,437">
<area shape="rect" href="$glbfunc_8cpp.html#7bf26e1cff694aad68df394cb63c1a31" title="f. Get the inverse of symmetric array" alt="" coords="593,309,737,336">
<area shape="rect" href="$glbfunc_8h.html#ecdd3901ee6e4ecdafd81998cef6cafe" title="c. Get the absolute" alt="" coords="787,309,835,336">
