<area shape="rect" href="$classDiagnose.html#8c14b3fa58083f64be2018bd0462604d" title="calculate the average values" alt="" coords="273,5,401,32">
<area shape="rect" href="$classOutput.html#13b9be49d851806b4ab40d60624095ad" title="avergaed values for Poiseuille and Couette flows (average is taken in horizontal..." alt="" coords="269,56,405,83">
<area shape="rect" href="$classOutput.html#2b41cacb61eecf10cbaca6bebb3e6316" title="output material states on uniform grid" alt="" coords="533,107,677,133">
<area shape="rect" href="$classHydrodynamics.html#09a3f5a5c055e0efc822fdf80f40cd7d" title="calculate partilce volume" alt="" coords="236,157,439,184">
<area shape="rect" href="$classInitiation.html#e80adc7d2105ad67b766fd1127966df3" title="predict the particle volume and mass" alt="" coords="529,183,681,209">
<area shape="rect" href="$classTimeSolver.html#edd74b3f1e292277b972b938787f4a3c" title="advance time interval D_time (=output time interval)" alt="" coords="524,5,687,32">
<area shape="rect" href="$classTimeSolver.html#2cbbdd8eecbd3aae12c153f8b9da1402" title="advance time interval D_time with summation for density" alt="" coords="489,56,721,83">
<area shape="rect" href="$sph_8cpp.html#0ddf1224851353fc92bfbff6f499fa97" title="The main program." alt="" coords="772,107,820,133">
