<area shape="rect" href="$glbfunc_8cpp.html#78a6c97f8b8f5e0fbb4e52d0aa6110aa" title="a. Get the maximum" alt="" coords="625,5,689,32">
<area shape="rect" href="$glbfunc_8cpp.html#70d74bfbfb9d5e299e3effddb147b5ce" title="b. Get the minimum" alt="" coords="349,75,408,101">
<area shape="rect" href="$classParticleManager.html#6ee12c3925f371782800a50b17ac0941" title="buid the initial particles and the linked lists" alt="" coords="264,176,493,203">
<area shape="rect" href="$vec2d_8h.html#d4fd110790320d1dd8d63411159b4d9c" title="Return the absolute value of the vector (the length)." alt="" coords="631,259,684,285">
<area shape="rect" href="$classForce.html#75f2e675a6d57e08127d47b6bc31d3d9" title="non&#45;dimensionalize" alt="" coords="291,309,467,336">
<area shape="rect" href="$classMaterial.html#7319953e9448604807d6e9301eea6986" title="non&#45;dimensionalize" alt="" coords="284,487,473,513">
<area shape="rect" href="$classMaterial.html#1c79d7b457fd73587612d34c687f4286" title="show properties" alt="" coords="295,125,463,152">
<area shape="rect" href="$classLlist.html#91f735ef2924ff78864157c2434c81e3" title="Get the first node." alt="" coords="620,56,695,83">
<area shape="rect" href="$classMaterial.html#be327be4e21bff9a227d0152c0db3f97" title="get pressure" alt="" coords="604,107,711,133">
<area shape="rect" href="$classMaterial.html#6d61301ba97502c9acb2987afc0a8f5e" title="get rho from pressure" alt="" coords="599,157,716,184">
<area shape="rect" href="$classLlist.html#62d2c41eb7e240d74de37f15fb31717a" title="insert a node with node data" alt="" coords="615,208,700,235">
<area shape="rect" href="$classInitiation.html#921fe74dff7653520c5e72cc5c11b353" title="a non dimensionalize method" alt="" coords="572,309,743,336">
<area shape="rect" href="$classInitiation.html#190a357cdd44440885bd5081cc4236a5" title="a non dimensionalize method" alt="" coords="568,360,747,387">
<area shape="rect" href="$classInitiation.html#7d54bcdd903f0d9a0b602008bf9cd10d" title="a non dimensionalize method" alt="" coords="541,411,773,437">
<area shape="rect" href="$classInitiation.html#98ded96b747a9ee7512fcc95702b2580" title="a non dimensionalize method" alt="" coords="560,461,755,488">
<area shape="rect" href="$classInitiation.html#689c73dd7149dc11207eca5c3109a7cd" title="a non dimensionalize method" alt="" coords="585,512,729,539">
<area shape="rect" href="$classInitiation.html#29245385c400c4f0de40707cb07dc0dd" title="a non dimensionalize method" alt="" coords="580,563,735,589">
<area shape="rect" href="$classInitiation.html#0d433208c495509df2e2270804b9c2ef" title="a non dimensionalize method" alt="" coords="564,613,751,640">
