<area shape="rect" href="$classParticleManager.html#8cc6658324694ad28d3c50bfc0cbd0f7" title="build the interaction (particle pair) list" alt="" coords="260,284,471,311">
<area shape="rect" href="$classLlist.html#91f735ef2924ff78864157c2434c81e3" title="Get the first node." alt="" coords="571,56,645,83">
<area shape="rect" href="$classLlist.html#a02016d71082697d45b3d0dcd5ce1343" title="Check if the node is the last node." alt="" coords="565,107,651,133">
<area shape="rect" href="$classLlist.html#db32667fa0f00bd82d0c1c08c5998fc9" title="Get the next node." alt="" coords="569,157,647,184">
<area shape="rect" href="$classLlist.html#67608f0f66a3def622134d074294585d" title="Get the node data." alt="" coords="561,208,655,235">
<area shape="rect" href="$classInteraction.html#8151e605eb5d7695e0203e2f126c7b4c" title="summation of the density" alt="" coords="265,335,465,361">
<area shape="rect" href="$classHydrodynamics.html#1698dbe8ecc0e730319de5d7eca7a891" title="calculate states from conservatives" alt="" coords="269,81,461,108">
<area shape="rect" href="$classHydrodynamics.html#13810b3b4110a2b931bf7426af2f9bcf" title="initiate particle density to zero" alt="" coords="269,132,461,159">
<area shape="rect" href="$classLlist.html#62d2c41eb7e240d74de37f15fb31717a" title="insert a node with node data" alt="" coords="565,259,651,285">
<area shape="rect" href="$classLlist.html#52e0c9e8af720fc20a70fcd159bae5c6" title="get the list length" alt="" coords="564,309,652,336">
<area shape="rect" href="$classInteraction.html#cba2f76f1316695e948c07d31dfadea9" title="use old interaction object for new interaction" alt="" coords="521,360,695,387">
<area shape="rect" href="$classLlist.html#978a0ea9a47f2b809d8626a6261eb5f6" title="delete a node" alt="" coords="561,411,655,437">
<area shape="rect" href="$vec2d_8h.html#ce785ede99492e5a2e149d4a9a6521af" title="Return the square sum of the vector values." alt="" coords="584,461,632,488">
<area shape="rect" href="$classQuinticSpline.html#67fa50759531bbbbef728d28282788e7" title="Calculates the kernel derivation (a double, not a vector) to distance." alt="" coords="757,309,872,336">
<area shape="rect" href="$classQuinticSpline.html#adc23e95cd346c434b423b3276156e8c" title="Calculates the kernel Laplacian." alt="" coords="745,360,884,387">
<area shape="rect" href="$classQuinticSpline.html#021acaeb55230bf10cf3a2c634381088" title="Calculates the kernel value for the given distance of two particles." alt="" coords="757,411,872,437">
<area shape="rect" href="$classMaterial.html#be327be4e21bff9a227d0152c0db3f97" title="get pressure" alt="" coords="555,5,661,32">
