<area shape="rect" href="$classDiagnose.html#8c14b3fa58083f64be2018bd0462604d" title="calculate the average values" alt="" coords="268,689,396,716">
<area shape="rect" href="$classBoundary.html#bedd190ee91482e4e59b2a613ab25d57" title="boundary conditions" alt="" coords="527,233,719,260">
<area shape="rect" href="$classBoundary.html#8a40f99b73f3622cd5f1387fcbbdb824" title="build boundary particles" alt="" coords="513,284,732,311">
<area shape="rect" href="$classHydrodynamics.html#41e1527e65d6f93d81c30467871021f5" title="build new pairs" alt="" coords="247,841,417,868">
<area shape="rect" href="$classHydrodynamics.html#928a3fb7752d458026ed06dca1fbf137" title="corrector method, density evaluated directly: corrector advances p, rho, U" alt="" coords="537,1196,708,1223">
<area shape="rect" href="$classInitiation.html#0e76e3a9e585398854689d151b4af2d8" title="a re&#45;dimensionalize method" alt="" coords="825,1855,959,1881">
<area shape="rect" href="$classHydrodynamics.html#281acddb6d4dd1efa9970f24a6bf57cd" title="get the time step" alt="" coords="527,1601,719,1628">
<area shape="rect" href="$classDiagnose.html#9c73b32dc8facce488617780250c14bf" title="track the globle average kinetic energy, weight center position and velocity" alt="" coords="529,1652,716,1679">
<area shape="rect" href="$classHydrodynamics.html#316a6079bf22102d9b911e2632cd2680" title="predictor method, density evaluated directly" alt="" coords="537,1247,708,1273">
<area shape="rect" href="$classHydrodynamics.html#8f826d2003ca7a4782b028b761a26421" title="including random effects (DPD simulation)" alt="" coords="519,1348,727,1375">
<area shape="rect" href="$classBoundary.html#ac37e18aaf60503a66173d9428ed9e54" title="check particle if particle run out of the computational domain" alt="" coords="535,1399,711,1425">
<area shape="rect" href="$classDiagnose.html#bf6d65f3716a9d637186f97c62f7218b" title="save the states of a particle in particle states vectors (vx_list, vy_list, rho_list)..." alt="" coords="548,487,697,513">
<area shape="rect" href="$classParticleManager.html#740244439672f753735abc5a6a7cc3bc" title="update the cell linked lists for real particles" alt="" coords="497,385,748,412">
<area shape="rect" href="$classHydrodynamics.html#22df8569d81c4c363029efac143ddb26" title="calculate interaction with updating interaction list" alt="" coords="216,1088,448,1115">
<area shape="rect" href="$classHydrodynamics.html#cf0d749b11e8b8474dd204c6ea080235" title="update new parameters in pairs" alt="" coords="531,1449,715,1476">
<area shape="rect" href="$classHydrodynamics.html#2ea6824bef3da552942cbf0c0653a4c0" title="calculate random interaction without updating interaction list (DPD simulation)" alt="" coords="519,943,727,969">
<area shape="rect" href="$classHydrodynamics.html#1698dbe8ecc0e730319de5d7eca7a891" title="calculate states from conservatives" alt="" coords="527,993,719,1020">
<area shape="rect" href="$classParticleManager.html#4e0f9e5cb222739a83f0f80ee4ba265b" title="do NNP search around a point and build the NNP list" alt="" coords="533,639,712,665">
<area shape="rect" href="$classLlist.html#91f735ef2924ff78864157c2434c81e3" title="Get the first node." alt="" coords="855,1044,929,1071">
<area shape="rect" href="$classLlist.html#a02016d71082697d45b3d0dcd5ce1343" title="Check if the node is the last node." alt="" coords="849,1145,935,1172">
<area shape="rect" href="$classLlist.html#db32667fa0f00bd82d0c1c08c5998fc9" title="Get the next node." alt="" coords="853,943,931,969">
<area shape="rect" href="$classLlist.html#67608f0f66a3def622134d074294585d" title="Get the node data." alt="" coords="845,993,939,1020">
<area shape="rect" href="$classLlist.html#27c7c4149e117b782289c2d5bc965635" title="re&#45;initialize to empty list" alt="" coords="852,461,932,488">
<area shape="rect" href="$classLlist.html#6a139c360a8687527ebd74a27ff77ec2" title="Check if the list is empty (the first node is the last)." alt="" coords="579,537,667,564">
<area shape="rect" href="$classMLS.html#70f00e273459e8fe02baa5a0c06d6f24" title="MLS Mapping to grid points." alt="" coords="557,791,688,817">
<area shape="rect" href="$classLlist.html#09061ffe39434195d24e86dc1c53a047" title="re&#45;initialize to empty list" alt="" coords="836,512,948,539">
<area shape="rect" href="$classLlist.html#62d2c41eb7e240d74de37f15fb31717a" title="insert a node with node data" alt="" coords="849,563,935,589">
<area shape="rect" href="$classBoundary.html#e721f2c23112698b3cee9a3848f3deb1" title="implement east side boundary by modifying particle states" alt="" coords="815,56,969,83">
<area shape="rect" href="$classBoundary.html#ec89b3e4212c60f0b6a42199a844d032" title="implement north side boundary by modifying particle states" alt="" coords="815,107,969,133">
<area shape="rect" href="$classBoundary.html#7ce0aad430a89265e89b76c79ab09dc9" title="implement north&#45;east corner boundary by modifying particle states" alt="" coords="811,157,973,184">
<area shape="rect" href="$classBoundary.html#75bfad6f3ef080a83ca3c0746f94ca4e" title="implement north&#45;west corner boundary by modifying particle states" alt="" coords="808,208,976,235">
<area shape="rect" href="$classBoundary.html#50c82df28f8e11186b2f3e6f0bd971b0" title="implement south side boundary by modifying particle states" alt="" coords="815,259,969,285">
<area shape="rect" href="$classBoundary.html#8a334d5f6950a17261504751a706ec78" title="implement south&#45;east corner boundary by modifying particle states" alt="" coords="811,309,973,336">
<area shape="rect" href="$classBoundary.html#5ec3b43fbe487290b3b3c584ffdfbd54" title="implement south&#45;west corner boundary by modifying particle states" alt="" coords="808,360,976,387">
<area shape="rect" href="$classBoundary.html#8879fae60c663d0bdf55acf44516cd42" title="implement west side boundary by modifying particle states" alt="" coords="812,411,972,437">
<area shape="rect" href="$classParticle.html#d202d28edab1253eb51be75ea0cbdbfd" title="particle states copier for boundary particles" alt="" coords="819,5,965,32">
<area shape="rect" href="$classParticleManager.html#8cc6658324694ad28d3c50bfc0cbd0f7" title="build the interaction (particle pair) list" alt="" coords="517,740,728,767">
<area shape="rect" href="$classLlist.html#978a0ea9a47f2b809d8626a6261eb5f6" title="delete a node" alt="" coords="845,677,939,704">
<area shape="rect" href="$glbfunc_8cpp.html#78a6c97f8b8f5e0fbb4e52d0aa6110aa" title="a. Get the maximum" alt="" coords="860,1500,924,1527">
<area shape="rect" href="$glbfunc_8cpp.html#70d74bfbfb9d5e299e3effddb147b5ce" title="b. Get the minimum" alt="" coords="863,1551,921,1577">
<area shape="rect" href="$vec2d_8h.html#d4fd110790320d1dd8d63411159b4d9c" title="Return the absolute value of the vector (the length)." alt="" coords="1036,1601,1089,1628">
<area shape="rect" href="$classInitiation.html#d08c20a915f7c4878a8e382d54874fb1" title="a re&#45;dimensionalize method" alt="" coords="819,1652,965,1679">
<area shape="rect" href="$classInitiation.html#d6747d9cbd12e6327249606b021a87f1" title="a re&#45;dimensionalize method" alt="" coords="820,1703,964,1729">
<area shape="rect" href="$classInitiation.html#e28be0f6a53920bdab379301eb414990" title="a re&#45;dimensionalize method" alt="" coords="821,1753,963,1780">
<area shape="rect" href="$glbfunc_8h.html#ecdd3901ee6e4ecdafd81998cef6cafe" title="c. Get the absolute" alt="" coords="868,1399,916,1425">
<area shape="rect" href="$classHydrodynamics.html#abdebac769f07f2500c21689fafa2981" title="add the gravity effects" alt="" coords="532,1044,713,1071">
<area shape="rect" href="$classInteraction.html#7d1b68aea03829678cfbe8c5ec3acc2a" title="update forces" alt="" coords="537,1145,708,1172">
<area shape="rect" href="$classHydrodynamics.html#67e2d72d69156a086d43168f5cd58bf7" title="initiate particle change rate" alt="" coords="515,1095,731,1121">
<area shape="rect" href="$classInteraction.html#1adb37756172d95124e56556c9008120" title="renew pair parameters and changing pair values" alt="" coords="799,1449,985,1476">
