<area shape="rect" href="$vec2d_8h.html" title="Define 2&#45;d vectors and associated operations." alt="" coords="103,80,167,107">
<area shape="rect" href="$wiener_8h.html" title="Wiener process." alt="" coords="191,80,260,107">
<area shape="rect" href="$dllist_8h.html" title="Double linked list implementation." alt="" coords="284,80,343,107">
<area shape="rect" href="$initiation_8h.html" title="Initiates the simulation." alt="" coords="367,80,447,107">
<area shape="rect" href="$kernel_8h.html" title="Kernel abstract base." alt="" coords="471,80,537,107">
<area shape="rect" href="$betaspline_8h.html" title="Beta spline kernel function." alt="" coords="561,80,652,107">
<area shape="rect" href="$quinticspline_8h.html" title="Quintic spline kernel." alt="" coords="676,80,780,107">
<area shape="rect" href="$particle_8h_source.html" title="particle.h" alt="" coords="804,80,879,107">
<area shape="rect" href="$particlemanager_8h.html" title="particle manager" alt="" coords="903,80,1025,107">
<area shape="rect" href="$boundary_8h.html" title="Bonudary conditions." alt="" coords="1049,80,1132,107">
<area shape="rect" href="$material_8h.html" title="Material." alt="" coords="1156,80,1233,107">
<area shape="rect" href="$force_8h.html" title="The class defining force on or between particles." alt="" coords="1257,80,1316,107">
<area shape="rect" href="$interaction_8h.html" title="Defines interaction between particles." alt="" coords="1340,80,1431,107">
<area shape="rect" href="$hydrodynamics_8h.html" title="Definition of materials and their hydrodynamical interactions." alt="" coords="1455,80,1575,107">
<area shape="rect" href="$timesolver_8h.html" title="Time solver class." alt="" coords="1599,80,1689,107">
<area shape="rect" href="$output_8h.html" title="Output the computational results." alt="" coords="1713,80,1780,107">
<area shape="rect" href="$diagnose_8h.html" title="Output the diagnosal results." alt="" coords="1804,80,1887,107">
<area shape="rect" href="$mls_8h.html" title="mls.h" alt="" coords="1911,80,1964,107">
