<area shape="rect" href="$boundary_8cpp.html" title="boundary.cpp" alt="" coords="5,80,104,107">
<area shape="rect" href="$bskernel_8cpp.html" title="bskernel.cpp" alt="" coords="128,80,224,107">
<area shape="rect" href="$diagose_8cpp.html" title="diagose.cpp" alt="" coords="248,80,339,107">
<area shape="rect" href="$hydrodynamics_8cpp.html" title="hydrodynamics.cpp" alt="" coords="363,80,496,107">
<area shape="rect" href="$initiation_8cpp.html" title="initiation.cpp" alt="" coords="520,80,613,107">
<area shape="rect" href="$interaction_8cpp.html" title="interaction.cpp" alt="" coords="637,80,744,107">
<area shape="rect" href="$kernel_8cpp.html" title="the abstract kernel base class" alt="" coords="768,80,848,107">
<area shape="rect" href="$material_8cpp.html" title="material.cpp" alt="" coords="872,80,963,107">
<area shape="rect" href="$mls_8cpp.html" title="mls.cpp" alt="" coords="987,80,1053,107">
<area shape="rect" href="$output_8cpp.html" title="output.cpp" alt="" coords="1077,80,1160,107">
<area shape="rect" href="$particle_8cpp.html" title="particle.cpp" alt="" coords="1184,80,1272,107">
<area shape="rect" href="$quinticspline_8cpp.html" title="quinticspline.cpp" alt="" coords="1296,80,1413,107">
<area shape="rect" href="$sph_8cpp.html" title="sph.cpp" alt="" coords="1437,80,1504,107">
<area shape="rect" href="$timesolver_8cpp.html" title="timesolver.cpp" alt="" coords="1528,80,1632,107">
