<area shape="rect" href="$boundary_8cpp.html" title="boundary.cpp" alt="" coords="5,80,104,107">
<area shape="rect" href="$bskernel_8cpp.html" title="bskernel.cpp" alt="" coords="128,80,224,107">
<area shape="rect" href="$diagose_8cpp.html" title="diagose.cpp" alt="" coords="248,80,339,107">
<area shape="rect" href="$glbfunc_8cpp.html" title="glbfunc.cpp" alt="" coords="363,80,451,107">
<area shape="rect" href="$hydrodynamics_8cpp.html" title="hydrodynamics.cpp" alt="" coords="475,80,608,107">
<area shape="rect" href="$initiation_8cpp.html" title="initiation.cpp" alt="" coords="632,80,725,107">
<area shape="rect" href="$interaction_8cpp.html" title="interaction.cpp" alt="" coords="749,80,856,107">
<area shape="rect" href="$kernel_8cpp.html" title="the abstract kernel base class" alt="" coords="880,80,960,107">
<area shape="rect" href="$material_8cpp.html" title="material.cpp" alt="" coords="984,80,1075,107">
<area shape="rect" href="$mls_8cpp.html" title="mls.cpp" alt="" coords="1099,80,1165,107">
<area shape="rect" href="$output_8cpp.html" title="output.cpp" alt="" coords="1189,80,1272,107">
<area shape="rect" href="$particle_8cpp.html" title="particle.cpp" alt="" coords="1296,80,1384,107">
<area shape="rect" href="$quinticspline_8cpp.html" title="quinticspline.cpp" alt="" coords="1408,80,1525,107">
<area shape="rect" href="$sph_8cpp.html" title="sph.cpp" alt="" coords="1549,80,1616,107">
<area shape="rect" href="$timesolver_8cpp.html" title="timesolver.cpp" alt="" coords="1640,80,1744,107">
