<area shape="rect" href="$classParticleManager.html#4e0f9e5cb222739a83f0f80ee4ba265b" title="do NNP search around a point and build the NNP list" alt="" coords="179,107,357,133">
<area shape="rect" href="$classHydrodynamics.html#09a3f5a5c055e0efc822fdf80f40cd7d" title="calculate partilce volume" alt="" coords="449,208,652,235">
<area shape="rect" href="$classInitiation.html#e80adc7d2105ad67b766fd1127966df3" title="predict the particle volume and mass" alt="" coords="475,157,627,184">
<area shape="rect" href="$classParticleManager.html#b68ab55a9429ac8d32368b531487dcec" title="do NNP search around a point and build the NNP list for MLS approximation" alt="" coords="137,259,399,285">
<area shape="rect" href="$classMLS.html#70f00e273459e8fe02baa5a0c06d6f24" title="MLS Mapping to grid points." alt="" coords="203,56,333,83">
<area shape="rect" href="$classDiagnose.html#8c14b3fa58083f64be2018bd0462604d" title="calculate the average values" alt="" coords="487,56,615,83">
<area shape="rect" href="$classOutput.html#13b9be49d851806b4ab40d60624095ad" title="avergaed values for Poiseuille and Couette flows (average is taken in horizontal..." alt="" coords="483,5,619,32">
<area shape="rect" href="$classOutput.html#2b41cacb61eecf10cbaca6bebb3e6316" title="output material states on uniform grid" alt="" coords="479,107,623,133">
<area shape="rect" href="$classTimeSolver.html#edd74b3f1e292277b972b938787f4a3c" title="advance time interval D_time (=output time interval)" alt="" coords="737,56,900,83">
<area shape="rect" href="$classTimeSolver.html#2cbbdd8eecbd3aae12c153f8b9da1402" title="advance time interval D_time with summation for density" alt="" coords="703,5,935,32">
<area shape="rect" href="$sph_8cpp.html#0ddf1224851353fc92bfbff6f499fa97" title="The main program." alt="" coords="985,107,1033,133">
