<area shape="rect" href="$glbcls_8h.html" title="Global class declarations." alt="" coords="829,80,896,107">
<area shape="rect" href="$boundary_8cpp.html" title="boundary.cpp" alt="" coords="5,155,104,181">
<area shape="rect" href="$bskernel_8cpp.html" title="bskernel.cpp" alt="" coords="128,155,224,181">
<area shape="rect" href="$diagose_8cpp.html" title="diagose.cpp" alt="" coords="248,155,339,181">
<area shape="rect" href="$hydrodynamics_8cpp.html" title="hydrodynamics.cpp" alt="" coords="363,155,496,181">
<area shape="rect" href="$initiation_8cpp.html" title="initiation.cpp" alt="" coords="520,155,613,181">
<area shape="rect" href="$interaction_8cpp.html" title="interaction.cpp" alt="" coords="637,155,744,181">
<area shape="rect" href="$kernel_8cpp.html" title="the abstract kernel base class" alt="" coords="768,155,848,181">
<area shape="rect" href="$material_8cpp.html" title="material.cpp" alt="" coords="872,155,963,181">
<area shape="rect" href="$mls_8cpp.html" title="mls.cpp" alt="" coords="987,155,1053,181">
<area shape="rect" href="$output_8cpp.html" title="output.cpp" alt="" coords="1077,155,1160,181">
<area shape="rect" href="$particle_8cpp.html" title="particle.cpp" alt="" coords="1184,155,1272,181">
<area shape="rect" href="$quinticspline_8cpp.html" title="quinticspline.cpp" alt="" coords="1296,155,1413,181">
<area shape="rect" href="$sph_8cpp.html" title="sph.cpp" alt="" coords="1437,155,1504,181">
<area shape="rect" href="$timesolver_8cpp.html" title="timesolver.cpp" alt="" coords="1528,155,1632,181">
