<area shape="rect" href="$sph_8cpp.html#0ddf1224851353fc92bfbff6f499fa97" title="The main program." alt="" coords="428,5,481,32">
<area shape="rect" href="$classHydroTimeSolver.html#c296f0269693c53c9ddeeb3cf95a93b7" title="advance time interval D_time with integration for density (has still to be implemented)..." alt="" coords="340,56,569,83">
<area shape="rect" href="$classGasTimeSolverPredCorr.html#54dc77f7621be024b232bdf9f64c3ed8" title="time integration including density (continuity density approach)" alt="" coords="317,107,592,133">
<area shape="rect" href="$classGasTimeSolverLeapFrog.html#2ef38d82adbf5337d77e6c0861c84e9f" title="time integration including density (continuity density approach)" alt="" coords="316,157,593,184">
<area shape="rect" href="$classHydroTimeSolver.html#cd1764418be0cbc9d64fba94bb5882a6" title="advance time interval D_time with summation for density" alt="" coords="299,208,611,235">
<area shape="rect" href="$classGasTimeSolverPredCorr.html#4483030aaa059ff433cd8feb5c970bb7" title="advance time interval D_time with summation for density" alt="" coords="277,259,632,285">
<area shape="rect" href="$classGasTimeSolverLeapFrog.html#47d69d7829263cfcee7fbdfc09f72d91" title="advance time interval D_time with summation for density" alt="" coords="275,309,635,336">
