<area shape="rect" href="$classHydrodynamics.html#2ccb0706408fe115cd015ef37eadff46" title="calculate interaction with updating interaction list" alt="" coords="292,132,521,159">
<area shape="rect" href="$classHydrodynamics.html#a4c244291de863520ad9ad976058ac50" title="Hydrodynamics::UpdateChangeRateInclRho" alt="" coords="269,208,544,235">
<area shape="rect" href="$classHydroTimeSolver.html#c296f0269693c53c9ddeeb3cf95a93b7" title="advance time interval D_time with integration for density (has still to be implemented)..." alt="" coords="651,5,851,32">
<area shape="rect" href="$classGasTimeSolverPredCorr.html#54dc77f7621be024b232bdf9f64c3ed8" title="time integration including density (continuity density approach)" alt="" coords="629,56,872,83">
<area shape="rect" href="$classHydroTimeSolver.html#cd1764418be0cbc9d64fba94bb5882a6" title="advance time interval D_time with summation for density" alt="" coords="615,107,887,133">
<area shape="rect" href="$classGasTimeSolverPredCorr.html#4483030aaa059ff433cd8feb5c970bb7" title="advance time interval D_time with summation for density" alt="" coords="595,157,907,184">
<area shape="rect" href="$classGasTimeSolverLeapFrog.html#47d69d7829263cfcee7fbdfc09f72d91" title="advance time interval D_time with summation for density" alt="" coords="593,208,908,235">
<area shape="rect" href="$classGasTimeSolverLeapFrog.html#2ef38d82adbf5337d77e6c0861c84e9f" title="time integration including density (continuity density approach)" alt="" coords="628,259,873,285">
