<area shape="rect" href="$classBoundary.html#bedd190ee91482e4e59b2a613ab25d57" title="boundary conditions" alt="" coords="284,233,476,260">
<area shape="rect" href="$classBoundary.html#de7939391e8dc01b3006acec09c377fc" title="build boundary particles" alt="" coords="275,183,485,209">
<area shape="rect" href="$classHydrodynamics.html#7b536220e99d3160b9fd5bd3bfba03ae" title="build new pairs" alt="" coords="272,411,488,437">
<area shape="rect" href="$classHydrodynamics.html#630dfaa55889cfff103cd99c6ded4a0c" title="corrector method, density evaluated directly: corrector advances p, rho, U" alt="" coords="295,512,465,539">
<area shape="rect" href="$classHydrodynamics.html#6d30abd98e4bb9d7b9b6605099e27385" title="get the time step for hydro" alt="" coords="283,563,477,589">
<area shape="rect" href="$classHydrodynamics.html#ea3eb6fa95e2503cf00af74c7ee316b7" title="predictor method, density evaluated directly" alt="" coords="295,613,465,640">
<area shape="rect" href="$classBoundary.html#ac37e18aaf60503a66173d9428ed9e54" title="check particle if particle run out of the computational domain" alt="" coords="292,664,468,691">
<area shape="rect" href="$classParticleManager.html#740244439672f753735abc5a6a7cc3bc" title="update the cell linked lists for real particles" alt="" coords="255,715,505,741">
<area shape="rect" href="$classHydrodynamics.html#2ccb0706408fe115cd015ef37eadff46" title="calculate interaction with updating interaction list" alt="" coords="265,461,495,488">
<area shape="rect" href="$classHydrodynamics.html#26fd9721c73e098ceff407b2ad3a0ff5" title="update new parameters in pairs" alt="" coords="267,765,493,792">
<area shape="rect" href="$classHydrodynamics.html#b56258a0a69493be33a997a2698e63e1" title="???" alt="" coords="284,816,476,843">
<area shape="rect" href="$classBoundary.html#1cc62857f48296a909075683439f411e" title="implement east side boundary by modifying particle states" alt="" coords="585,5,740,32">
<area shape="rect" href="$classBoundary.html#d7569a6db593d79776228bc2deb6d7a1" title="implement north side boundary by modifying particle states" alt="" coords="585,56,740,83">
<area shape="rect" href="$classBoundary.html#6fb017afe6c5f9bef49d55e013ea4868" title="implement north&#45;east corner boundary by modifying particle states" alt="" coords="581,107,744,133">
<area shape="rect" href="$classBoundary.html#aed25290600bfa8a79ae0b32c19b1424" title="implement north&#45;west corner boundary by modifying particle states" alt="" coords="579,157,747,184">
<area shape="rect" href="$classBoundary.html#fa932ba1c7a85ee8eaeafd4ce6c24630" title="implement south side boundary by modifying particle states" alt="" coords="585,208,740,235">
<area shape="rect" href="$classBoundary.html#99f9686d862011cd536fab21688d2b2c" title="implement south&#45;east corner boundary by modifying particle states" alt="" coords="581,259,744,285">
<area shape="rect" href="$classBoundary.html#fe5d41b149dce535e2bef013dcb54bc7" title="implement south&#45;west corner boundary by modifying particle states" alt="" coords="579,309,747,336">
<area shape="rect" href="$classBoundary.html#8e4d1a76ec69a9ddb271628b767a1d25" title="implement west side boundary by modifying particle states" alt="" coords="584,360,741,387">
<area shape="rect" href="$classParticleManager.html#bd2c955abec4ea33e57dff065f1e76dd" title="build the interaction (particle pair) list" alt="" coords="556,411,769,437">
<area shape="rect" href="$vec2d_8h.html#ce785ede99492e5a2e149d4a9a6521af" title="Return the square sum of the vector values." alt="" coords="820,411,868,437">
<area shape="rect" href="$glbfunc_8cpp.html#accd4a79c5a9f461d2795641190512a6" title="Get the maximum." alt="" coords="629,563,696,589">
<area shape="rect" href="$glbfunc_8cpp.html#0ccebafc2fbffa9d5422bdbf5ba5d74a" title="Get the minimum." alt="" coords="632,613,693,640">
<area shape="rect" href="$vec2d_8h.html#d4fd110790320d1dd8d63411159b4d9c" title="Return the absolute value of the vector (the length)." alt="" coords="635,664,691,691">
<area shape="rect" href="$classHydrodynamics.html#6dccc7c286cfd1ce56e3aeb91d0f5c62" title="add the gravity effects" alt="" coords="571,461,755,488">
<area shape="rect" href="$classHydrodynamics.html#67e2d72d69156a086d43168f5cd58bf7" title="initiate particle change rate" alt="" coords="555,512,771,539">
