<area shape="rect" href="$classBoundary.html#1cc62857f48296a909075683439f411e" title="implement east side boundary by modifying particle states" alt="" coords="304,5,477,32">
<area shape="rect" href="$classBoundary.html#d7569a6db593d79776228bc2deb6d7a1" title="implement north side boundary by modifying particle states" alt="" coords="304,56,477,83">
<area shape="rect" href="$classBoundary.html#6fb017afe6c5f9bef49d55e013ea4868" title="implement north&#45;east corner boundary by modifying particle states" alt="" coords="299,107,483,133">
<area shape="rect" href="$classBoundary.html#aed25290600bfa8a79ae0b32c19b1424" title="implement north&#45;west corner boundary by modifying particle states" alt="" coords="297,157,484,184">
<area shape="rect" href="$classBoundary.html#fa932ba1c7a85ee8eaeafd4ce6c24630" title="implement south side boundary by modifying particle states" alt="" coords="305,208,476,235">
<area shape="rect" href="$classBoundary.html#99f9686d862011cd536fab21688d2b2c" title="implement south&#45;east corner boundary by modifying particle states" alt="" coords="300,259,481,285">
<area shape="rect" href="$classBoundary.html#fe5d41b149dce535e2bef013dcb54bc7" title="implement south&#45;west corner boundary by modifying particle states" alt="" coords="299,309,483,336">
<area shape="rect" href="$classBoundary.html#8e4d1a76ec69a9ddb271628b767a1d25" title="implement west side boundary by modifying particle states" alt="" coords="303,360,479,387">
