<area shape="rect" href="$classHydrodynamics.html#3d357182284131adc7cbb283e8c9a174" title="Hydrodynamics::AdvanceFirstStep" alt="" coords="385,107,609,133">
<area shape="rect" href="$classHydrodynamics.html#dc0340024151a3f1be9d7e345ca4d598" title="Hydrodynamics::AdvanceStandardStep" alt="" coords="373,157,621,184">
<area shape="rect" href="$classBoundary.html#bedd190ee91482e4e59b2a613ab25d57" title="boundary conditions" alt="" coords="401,259,593,285">
<area shape="rect" href="$classBoundary.html#de7939391e8dc01b3006acec09c377fc" title="build boundary particles" alt="" coords="392,208,603,235">
<area shape="rect" href="$classHydrodynamics.html#7b536220e99d3160b9fd5bd3bfba03ae" title="build new pairs" alt="" coords="389,512,605,539">
<area shape="rect" href="$classHydrodynamics.html#fc0fb24bd0e968b467f5027c09db303d" title="get the time step for gas dyanamics" alt="" coords="388,613,607,640">
<area shape="rect" href="$classBoundary.html#ac37e18aaf60503a66173d9428ed9e54" title="check particle if particle run out of the computational domain" alt="" coords="409,664,585,691">
<area shape="rect" href="$classParticleManager.html#740244439672f753735abc5a6a7cc3bc" title="update the cell linked lists for real particles" alt="" coords="372,715,623,741">
<area shape="rect" href="$classHydrodynamics.html#2ccb0706408fe115cd015ef37eadff46" title="calculate interaction with updating interaction list" alt="" coords="383,461,612,488">
<area shape="rect" href="$classHydrodynamics.html#3b8ffd45fca7976004e472b079c0fbff" title="summation for particles density (with updating interaction list)" alt="" coords="396,563,599,589">
<area shape="rect" href="$classHydrodynamics.html#f856002efc50b48bd8d5c99c1e045403" title="Hydrodynamics::UpdateUe2Half" alt="" coords="395,765,600,792">
<area shape="rect" href="$classBoundary.html#1cc62857f48296a909075683439f411e" title="implement east side boundary by modifying particle states" alt="" coords="711,309,865,336">
<area shape="rect" href="$classBoundary.html#d7569a6db593d79776228bc2deb6d7a1" title="implement north side boundary by modifying particle states" alt="" coords="711,360,865,387">
<area shape="rect" href="$classBoundary.html#6fb017afe6c5f9bef49d55e013ea4868" title="implement north&#45;east corner boundary by modifying particle states" alt="" coords="707,5,869,32">
<area shape="rect" href="$classBoundary.html#aed25290600bfa8a79ae0b32c19b1424" title="implement north&#45;west corner boundary by modifying particle states" alt="" coords="704,56,872,83">
<area shape="rect" href="$classBoundary.html#fa932ba1c7a85ee8eaeafd4ce6c24630" title="implement south side boundary by modifying particle states" alt="" coords="711,107,865,133">
<area shape="rect" href="$classBoundary.html#99f9686d862011cd536fab21688d2b2c" title="implement south&#45;east corner boundary by modifying particle states" alt="" coords="707,157,869,184">
<area shape="rect" href="$classBoundary.html#fe5d41b149dce535e2bef013dcb54bc7" title="implement south&#45;west corner boundary by modifying particle states" alt="" coords="704,208,872,235">
<area shape="rect" href="$classBoundary.html#8e4d1a76ec69a9ddb271628b767a1d25" title="implement west side boundary by modifying particle states" alt="" coords="709,259,867,285">
<area shape="rect" href="$classParticleManager.html#bd2c955abec4ea33e57dff065f1e76dd" title="build the interaction (particle pair) list" alt="" coords="681,512,895,539">
<area shape="rect" href="$vec2d_8h.html#ce785ede99492e5a2e149d4a9a6521af" title="Return the square sum of the vector values." alt="" coords="953,512,1001,539">
<area shape="rect" href="$glbfunc_8cpp.html#0ccebafc2fbffa9d5422bdbf5ba5d74a" title="Get the minimum." alt="" coords="757,664,819,691">
<area shape="rect" href="$vec2d_8h.html#d4fd110790320d1dd8d63411159b4d9c" title="Return the absolute value of the vector (the length)." alt="" coords="760,715,816,741">
<area shape="rect" href="$classHydrodynamics.html#2bf6bb7236d787a4409a116ea5cbd9fe" title="sets art.vis parameter mue_ab_max (which is needed for time control) to zero" alt="" coords="673,765,903,792">
<area shape="rect" href="$classHydrodynamics.html#6dccc7c286cfd1ce56e3aeb91d0f5c62" title="add the gravity effects" alt="" coords="696,461,880,488">
<area shape="rect" href="$classHydrodynamics.html#67e2d72d69156a086d43168f5cd58bf7" title="initiate particle change rate" alt="" coords="680,411,896,437">
<area shape="rect" href="$classHydrodynamics.html#a697d37f2ef6371204e6ec81c9cfda92" title="Hydrodynamics::Self_density" alt="" coords="692,563,884,589">
<area shape="rect" href="$classHydrodynamics.html#b56258a0a69493be33a997a2698e63e1" title="???" alt="" coords="692,613,884,640">
