<area shape="rect" href="$classBoundary.html#bedd190ee91482e4e59b2a613ab25d57" title="boundary conditions" alt="" coords="399,233,591,260">
<area shape="rect" href="$classBoundary.html#de7939391e8dc01b3006acec09c377fc" title="build boundary particles" alt="" coords="389,183,600,209">
<area shape="rect" href="$classHydrodynamics.html#7b536220e99d3160b9fd5bd3bfba03ae" title="build new pairs" alt="" coords="387,512,603,539">
<area shape="rect" href="$classHydrodynamics.html#311dbdf9cfe8757fe0dc5c566265efa6" title="for corrector method, density evaluated with summation (that means: no density update..." alt="" coords="373,613,616,640">
<area shape="rect" href="$classHydrodynamics.html#7bd2e40af52d7e5f405eadc03e9a96be" title="for predictor method, density evaluated with summation (that means: no density update..." alt="" coords="373,664,616,691">
<area shape="rect" href="$classParticleManager.html#740244439672f753735abc5a6a7cc3bc" title="update the cell linked lists for real particles" alt="" coords="369,715,620,741">
<area shape="rect" href="$classHydrodynamics.html#2ccb0706408fe115cd015ef37eadff46" title="calculate interaction with updating interaction list" alt="" coords="380,461,609,488">
<area shape="rect" href="$classHydrodynamics.html#3b8ffd45fca7976004e472b079c0fbff" title="summation for particles density (with updating interaction list)" alt="" coords="393,563,596,589">
<area shape="rect" href="$classHydrodynamics.html#26fd9721c73e098ceff407b2ad3a0ff5" title="update new parameters in pairs" alt="" coords="381,765,608,792">
<area shape="rect" href="$classBoundary.html#1cc62857f48296a909075683439f411e" title="implement east side boundary by modifying particle states" alt="" coords="700,259,855,285">
<area shape="rect" href="$classBoundary.html#d7569a6db593d79776228bc2deb6d7a1" title="implement north side boundary by modifying particle states" alt="" coords="700,309,855,336">
<area shape="rect" href="$classBoundary.html#6fb017afe6c5f9bef49d55e013ea4868" title="implement north&#45;east corner boundary by modifying particle states" alt="" coords="696,360,859,387">
<area shape="rect" href="$classBoundary.html#aed25290600bfa8a79ae0b32c19b1424" title="implement north&#45;west corner boundary by modifying particle states" alt="" coords="693,5,861,32">
<area shape="rect" href="$classBoundary.html#fa932ba1c7a85ee8eaeafd4ce6c24630" title="implement south side boundary by modifying particle states" alt="" coords="700,56,855,83">
<area shape="rect" href="$classBoundary.html#99f9686d862011cd536fab21688d2b2c" title="implement south&#45;east corner boundary by modifying particle states" alt="" coords="696,107,859,133">
<area shape="rect" href="$classBoundary.html#fe5d41b149dce535e2bef013dcb54bc7" title="implement south&#45;west corner boundary by modifying particle states" alt="" coords="693,157,861,184">
<area shape="rect" href="$classBoundary.html#8e4d1a76ec69a9ddb271628b767a1d25" title="implement west side boundary by modifying particle states" alt="" coords="699,208,856,235">
<area shape="rect" href="$classParticleManager.html#bd2c955abec4ea33e57dff065f1e76dd" title="build the interaction (particle pair) list" alt="" coords="671,512,884,539">
<area shape="rect" href="$vec2d_8h.html#ce785ede99492e5a2e149d4a9a6521af" title="Return the square sum of the vector values." alt="" coords="935,512,983,539">
<area shape="rect" href="$classHydrodynamics.html#6dccc7c286cfd1ce56e3aeb91d0f5c62" title="add the gravity effects" alt="" coords="685,461,869,488">
<area shape="rect" href="$classHydrodynamics.html#67e2d72d69156a086d43168f5cd58bf7" title="initiate particle change rate" alt="" coords="669,411,885,437">
<area shape="rect" href="$classHydrodynamics.html#a697d37f2ef6371204e6ec81c9cfda92" title="Hydrodynamics::Self_density" alt="" coords="681,613,873,640">
<area shape="rect" href="$classHydrodynamics.html#b56258a0a69493be33a997a2698e63e1" title="???" alt="" coords="681,563,873,589">
