<area shape="rect" href="$classHydrodynamics.html#52923ca52ce8c6f3d4721fa21f327a90" title="Hydrodynamics::AdvanceFirstStepInclRho" alt="" coords="347,107,648,133">
<area shape="rect" href="$classHydrodynamics.html#f768feccd9e504beabadf1e959801afa" title="Hydrodynamics::AdvanceStandardStepInclRho" alt="" coords="332,157,663,184">
<area shape="rect" href="$classBoundary.html#bedd190ee91482e4e59b2a613ab25d57" title="boundary conditions" alt="" coords="388,259,607,285">
<area shape="rect" href="$classBoundary.html#de7939391e8dc01b3006acec09c377fc" title="build boundary particles" alt="" coords="377,208,617,235">
<area shape="rect" href="$classHydrodynamics.html#7b536220e99d3160b9fd5bd3bfba03ae" title="build new pairs" alt="" coords="373,360,621,387">
<area shape="rect" href="$classBoundary.html#ac37e18aaf60503a66173d9428ed9e54" title="check particle if particle run out of the computational domain" alt="" coords="399,512,596,539">
<area shape="rect" href="$classParticleManager.html#740244439672f753735abc5a6a7cc3bc" title="update the cell linked lists for real particles" alt="" coords="352,563,643,589">
<area shape="rect" href="$classHydrodynamics.html#a4c244291de863520ad9ad976058ac50" title="Hydrodynamics::UpdateChangeRateInclRho" alt="" coords="340,613,655,640">
<area shape="rect" href="$classHydrodynamics.html#3b8ffd45fca7976004e472b079c0fbff" title="summation for particles density (with updating interaction list)" alt="" coords="380,411,615,437">
<area shape="rect" href="$classHydrodynamics.html#b56258a0a69493be33a997a2698e63e1" title="???" alt="" coords="727,512,948,539">
<area shape="rect" href="$classHydrodynamics.html#be2590340e86ce52a39bb4832a98822e" title="Hydrodynamics::UpdateUeRho2Half" alt="" coords="368,664,627,691">
<area shape="rect" href="$classBoundary.html#1cc62857f48296a909075683439f411e" title="implement east side boundary by modifying particle states" alt="" coords="751,259,924,285">
<area shape="rect" href="$classBoundary.html#d7569a6db593d79776228bc2deb6d7a1" title="implement north side boundary by modifying particle states" alt="" coords="751,309,924,336">
<area shape="rect" href="$classBoundary.html#6fb017afe6c5f9bef49d55e013ea4868" title="implement north&#45;east corner boundary by modifying particle states" alt="" coords="745,360,929,387">
<area shape="rect" href="$classBoundary.html#aed25290600bfa8a79ae0b32c19b1424" title="implement north&#45;west corner boundary by modifying particle states" alt="" coords="744,5,931,32">
<area shape="rect" href="$classBoundary.html#fa932ba1c7a85ee8eaeafd4ce6c24630" title="implement south side boundary by modifying particle states" alt="" coords="752,56,923,83">
<area shape="rect" href="$classBoundary.html#99f9686d862011cd536fab21688d2b2c" title="implement south&#45;east corner boundary by modifying particle states" alt="" coords="747,107,928,133">
<area shape="rect" href="$classBoundary.html#fe5d41b149dce535e2bef013dcb54bc7" title="implement south&#45;west corner boundary by modifying particle states" alt="" coords="745,157,929,184">
<area shape="rect" href="$classBoundary.html#8e4d1a76ec69a9ddb271628b767a1d25" title="implement west side boundary by modifying particle states" alt="" coords="749,208,925,235">
<area shape="rect" href="$classParticleManager.html#bd2c955abec4ea33e57dff065f1e76dd" title="build the interaction (particle pair) list" alt="" coords="713,411,961,437">
<area shape="rect" href="$vec2d_8h.html#ce785ede99492e5a2e149d4a9a6521af" title="Return the square sum of the vector values." alt="" coords="1012,411,1063,437">
<area shape="rect" href="$classHydrodynamics.html#6dccc7c286cfd1ce56e3aeb91d0f5c62" title="add the gravity effects" alt="" coords="733,639,941,665">
<area shape="rect" href="$classHydrodynamics.html#67e2d72d69156a086d43168f5cd58bf7" title="initiate particle change rate" alt="" coords="712,588,963,615">
<area shape="rect" href="$classHydrodynamics.html#a697d37f2ef6371204e6ec81c9cfda92" title="Hydrodynamics::Self_density" alt="" coords="729,461,945,488">
