<area shape="rect" href="$classHydrodynamics.html#7b536220e99d3160b9fd5bd3bfba03ae" title="build new pairs" alt="" coords="312,157,560,184">
<area shape="rect" href="$classHydrodynamics.html#2ccb0706408fe115cd015ef37eadff46" title="calculate interaction with updating interaction list" alt="" coords="303,107,569,133">
<area shape="rect" href="$classHydrodynamics.html#3b8ffd45fca7976004e472b079c0fbff" title="summation for particles density (with updating interaction list)" alt="" coords="319,208,553,235">
<area shape="rect" href="$classHydroTimeSolver.html#c296f0269693c53c9ddeeb3cf95a93b7" title="advance time interval D_time with integration for density (has still to be implemented)..." alt="" coords="684,5,913,32">
<area shape="rect" href="$classGasTimeSolverPredCorr.html#54dc77f7621be024b232bdf9f64c3ed8" title="time integration including density (continuity density approach)" alt="" coords="661,56,936,83">
<area shape="rect" href="$classGasTimeSolverLeapFrog.html#2ef38d82adbf5337d77e6c0861c84e9f" title="time integration including density (continuity density approach)" alt="" coords="660,259,937,285">
<area shape="rect" href="$classHydroTimeSolver.html#cd1764418be0cbc9d64fba94bb5882a6" title="advance time interval D_time with summation for density" alt="" coords="643,107,955,133">
<area shape="rect" href="$classGasTimeSolverPredCorr.html#4483030aaa059ff433cd8feb5c970bb7" title="advance time interval D_time with summation for density" alt="" coords="621,157,976,184">
<area shape="rect" href="$classGasTimeSolverLeapFrog.html#47d69d7829263cfcee7fbdfc09f72d91" title="advance time interval D_time with summation for density" alt="" coords="619,208,979,235">
