<area shape="rect" href="$hydrodynamics_8h.html" title="Definition of materials and their hydrodynamical interactions." alt="" coords="608,161,741,188">
<area shape="rect" href="$particlemanager_8h.html" title="particle manager" alt="" coords="499,84,640,111">
<area shape="rect" href="$gastimesolverLeapFrog_8h.html" title="Time solver class." alt="" coords="765,84,1032,111">
<area shape="rect" href="$initiation_8h.html" title="initializes the simulation data" alt="" coords="765,161,856,188">
<area shape="rect" href="$boundary_8h.html" title="Bonudary conditions." alt="" coords="1056,84,1149,111">
<area shape="rect" href="$material_8h.html" title="Material." alt="" coords="701,239,789,265">
<area shape="rect" href="$vec2d_8h.html" title="Define 2&#45;d vectors and associated operations." alt="" coords="496,239,571,265">
<area shape="rect" href="$glbtype_8h.html" title="Global types." alt="" coords="595,239,677,265">
<area shape="rect" href="$particle_8h.html" title="a sph particle" alt="" coords="451,161,533,188">
<area shape="rect" href="$timesolver_8h.html" title="Time solver class." alt="" coords="1293,161,1475,188">
<area shape="rect" href="$cpptcl_8h_source.html" title="cpptcl.h" alt="" coords="1569,239,1644,265">
