<area shape="rect" href="$hydrodynamics_8h.html" title="Definition of materials and their hydrodynamical interactions." alt="" coords="557,155,677,181">
<area shape="rect" href="$particlemanager_8h.html" title="particle manager" alt="" coords="459,80,581,107">
<area shape="rect" href="$gastimesolverLeapFrog_8h.html" title="Time solver class." alt="" coords="707,80,944,107">
<area shape="rect" href="$initiation_8h.html" title="initializes the simulation data" alt="" coords="701,155,781,181">
<area shape="rect" href="$boundary_8h.html" title="Bonudary conditions." alt="" coords="968,80,1051,107">
<area shape="rect" href="$material_8h.html" title="Material." alt="" coords="640,229,717,256">
<area shape="rect" href="$vec2d_8h.html" title="Define 2&#45;d vectors and associated operations." alt="" coords="451,229,517,256">
<area shape="rect" href="$glbtype_8h.html" title="Global types." alt="" coords="541,229,616,256">
<area shape="rect" href="$particle_8h.html" title="a sph particle" alt="" coords="408,155,483,181">
<area shape="rect" href="$timesolver_8h.html" title="Time solver class." alt="" coords="1176,155,1336,181">
<area shape="rect" href="$cpptcl_8h_source.html" title="cpptcl.h" alt="" coords="1419,229,1485,256">
