<area shape="rect" href="$hydrodynamics_8h.html" title="Definition of materials and their hydrodynamical interactions." alt="" coords="737,161,871,188">
<area shape="rect" href="$particle_8h.html" title="a sph particle" alt="" coords="1261,84,1344,111">
<area shape="rect" href="$initiation_8h.html" title="initializes the simulation data" alt="" coords="1060,161,1151,188">
<area shape="rect" href="$interaction_8h.html" title="Defines interaction between particles." alt="" coords="1175,161,1281,188">
<area shape="rect" href="$hydrodynamics_8cpp.html" title="hydrodynamics.cpp" alt="" coords="1088,239,1237,265">
<area shape="rect" href="$initiation_8cpp.html" title="initiation.cpp" alt="" coords="5,239,112,265">
<area shape="rect" href="$output_8cpp.html" title="output.cpp" alt="" coords="968,239,1064,265">
<area shape="rect" href="$sph_8cpp.html" title="sph.cpp" alt="" coords="1261,239,1333,265">
<area shape="rect" href="$gastimesolverLeapFrog_8cpp.html" title="TimeSolver/gastimesolverLeapFrog.cpp" alt="" coords="357,239,640,265">
<area shape="rect" href="$gastimesolverPredCorr_8cpp.html" title="TimeSolver/gastimesolverPredCorr.cpp" alt="" coords="664,239,944,265">
<area shape="rect" href="$timesolver_8cpp.html" title="TimeSolver/timesolver.cpp" alt="" coords="136,239,333,265">
<area shape="rect" href="$particlemanager_8h.html" title="particle manager" alt="" coords="895,161,1036,188">
<area shape="rect" href="$interaction_8cpp.html" title="interaction.cpp" alt="" coords="1485,239,1608,265">
<area shape="rect" href="$particle_8cpp.html" title="particle.cpp" alt="" coords="1356,161,1455,188">
<area shape="rect" href="$material_8cpp.html" title="material.cpp" alt="" coords="1357,239,1461,265">
