<area shape="rect" href="$hydrodynamics_8h.html" title="Definition of materials and their hydrodynamical interactions." alt="" coords="661,155,781,181">
<area shape="rect" href="$particle_8h.html" title="a sph particle" alt="" coords="1135,80,1209,107">
<area shape="rect" href="$initiation_8h.html" title="initializes the simulation data" alt="" coords="952,155,1032,181">
<area shape="rect" href="$interaction_8h.html" title="Defines interaction between particles." alt="" coords="1056,155,1147,181">
<area shape="rect" href="$hydrodynamics_8cpp.html" title="hydrodynamics.cpp" alt="" coords="976,229,1109,256">
<area shape="rect" href="$initiation_8cpp.html" title="initiation.cpp" alt="" coords="5,229,99,256">
<area shape="rect" href="$output_8cpp.html" title="output.cpp" alt="" coords="869,229,952,256">
<area shape="rect" href="$sph_8cpp.html" title="sph.cpp" alt="" coords="1133,229,1200,256">
<area shape="rect" href="$gastimesolverLeapFrog_8cpp.html" title="TimeSolver/gastimesolverLeapFrog.cpp" alt="" coords="323,229,573,256">
<area shape="rect" href="$gastimesolverPredCorr_8cpp.html" title="TimeSolver/gastimesolverPredCorr.cpp" alt="" coords="597,229,845,256">
<area shape="rect" href="$timesolver_8cpp.html" title="TimeSolver/timesolver.cpp" alt="" coords="123,229,299,256">
<area shape="rect" href="$particlemanager_8h.html" title="particle manager" alt="" coords="805,155,928,181">
<area shape="rect" href="$interaction_8cpp.html" title="interaction.cpp" alt="" coords="1339,229,1445,256">
<area shape="rect" href="$particle_8cpp.html" title="particle.cpp" alt="" coords="1221,155,1309,181">
<area shape="rect" href="$material_8cpp.html" title="material.cpp" alt="" coords="1224,229,1315,256">
