<area shape="rect" href="$hydrodynamics_8h.html" title="Definition of materials and their hydrodynamical interactions." alt="" coords="367,155,487,181">
<area shape="rect" href="$glbfunc_8h.html" title="glbfunc.h" alt="" coords="1407,80,1481,107">
<area shape="rect" href="$kernel_8h.html" title="Kernel abstract base." alt="" coords="620,80,727,107">
<area shape="rect" href="$particlemanager_8h.html" title="particle manager" alt="" coords="473,80,596,107">
<area shape="rect" href="$interaction_8h.html" title="Defines interaction between particles." alt="" coords="252,155,343,181">
<area shape="rect" href="$initiation_8h.html" title="initializes the simulation data" alt="" coords="823,155,903,181">
<area shape="rect" href="$material_8h.html" title="Material." alt="" coords="393,229,471,256">
<area shape="rect" href="$vec2d_8h.html" title="Define 2&#45;d vectors and associated operations." alt="" coords="589,229,656,256">
<area shape="rect" href="$glbtype_8h.html" title="Global types." alt="" coords="295,229,369,256">
<area shape="rect" href="$particle_8h.html" title="a sph particle" alt="" coords="511,155,585,181">
<area shape="rect" href="$cpptcl_8h_source.html" title="cpptcl.h" alt="" coords="1596,229,1663,256">
