<area shape="rect" href="$hydrodynamics_8h.html" title="Definition of materials and their hydrodynamical interactions." alt="" coords="416,161,549,188">
<area shape="rect" href="$glbfunc_8h.html" title="glbfunc.h" alt="" coords="1552,84,1632,111">
<area shape="rect" href="$kernel_8h.html" title="Kernel abstract base." alt="" coords="685,84,805,111">
<area shape="rect" href="$particlemanager_8h.html" title="particle manager" alt="" coords="520,84,661,111">
<area shape="rect" href="$interaction_8h.html" title="Defines interaction between particles." alt="" coords="285,161,392,188">
<area shape="rect" href="$initiation_8h.html" title="initializes the simulation data" alt="" coords="904,161,995,188">
<area shape="rect" href="$material_8h.html" title="Material." alt="" coords="443,239,531,265">
<area shape="rect" href="$vec2d_8h.html" title="Define 2&#45;d vectors and associated operations." alt="" coords="656,239,731,265">
<area shape="rect" href="$glbtype_8h.html" title="Global types." alt="" coords="336,239,419,265">
<area shape="rect" href="$particle_8h.html" title="a sph particle" alt="" coords="573,161,656,188">
<area shape="rect" href="$cpptcl_8h_source.html" title="cpptcl.h" alt="" coords="1791,239,1865,265">
