<area shape="rect" href="$hydrodynamics_8h.html" title="Definition of materials and their hydrodynamical interactions." alt="" coords="299,155,419,181">
<area shape="rect" href="$particlemanager_8h.html" title="particle manager" alt="" coords="419,80,541,107">
<area shape="rect" href="$kernel_8h.html" title="Kernel abstract base." alt="" coords="565,80,672,107">
<area shape="rect" href="$initiation_8h.html" title="initializes the simulation data" alt="" coords="755,155,835,181">
<area shape="rect" href="$material_8h.html" title="Material." alt="" coords="269,229,347,256">
<area shape="rect" href="$vec2d_8h.html" title="Define 2&#45;d vectors and associated operations." alt="" coords="557,229,624,256">
<area shape="rect" href="$glbtype_8h.html" title="Global types." alt="" coords="459,229,533,256">
<area shape="rect" href="$particle_8h.html" title="a sph particle" alt="" coords="443,155,517,181">
<area shape="rect" href="$cpptcl_8h_source.html" title="cpptcl.h" alt="" coords="1672,229,1739,256">
