<area shape="rect" href="$hydrodynamics_8h.html" title="Definition of materials and their hydrodynamical interactions." alt="" coords="325,161,459,188">
<area shape="rect" href="$particlemanager_8h.html" title="particle manager" alt="" coords="453,84,595,111">
<area shape="rect" href="$kernel_8h.html" title="Kernel abstract base." alt="" coords="619,84,739,111">
<area shape="rect" href="$initiation_8h.html" title="initializes the simulation data" alt="" coords="813,161,904,188">
<area shape="rect" href="$material_8h.html" title="Material." alt="" coords="288,239,376,265">
<area shape="rect" href="$vec2d_8h.html" title="Define 2&#45;d vectors and associated operations." alt="" coords="603,239,677,265">
<area shape="rect" href="$glbtype_8h.html" title="Global types." alt="" coords="496,239,579,265">
<area shape="rect" href="$particle_8h.html" title="a sph particle" alt="" coords="483,161,565,188">
<area shape="rect" href="$cpptcl_8h_source.html" title="cpptcl.h" alt="" coords="1844,239,1919,265">
