<area shape="rect" href="$hydrodynamics_8cpp.html" title="hydrodynamics.cpp" alt="" coords="5,80,139,107">
<area shape="rect" href="$initiation_8cpp.html" title="initiation.cpp" alt="" coords="163,80,256,107">
<area shape="rect" href="$interaction_8cpp.html" title="interaction.cpp" alt="" coords="280,80,387,107">
<area shape="rect" href="$betaspline_8h.html" title="Beta spline kernel function." alt="" coords="411,80,544,107">
<area shape="rect" href="$cubicspline_8h.html" title="cubic spline kernel 1D" alt="" coords="568,80,707,107">
<area shape="rect" href="$cubicspline1D_8h_source.html" title="Kernel/cubicspline1D.h" alt="" coords="731,80,885,107">
<area shape="rect" href="$harmonic_8h.html" title="harmonic kernel" alt="" coords="909,80,1035,107">
<area shape="rect" href="$kernel_8cpp.html" title="the abstract kernel base class" alt="" coords="1229,80,1352,107">
<area shape="rect" href="$quinticspline_8h.html" title="Quintic spline kernel." alt="" coords="1059,80,1205,107">
<area shape="rect" href="$betaspline_8cpp.html" title="Kernel/betaspline.cpp" alt="" coords="339,155,485,181">
<area shape="rect" href="$sph_8cpp.html" title="sph.cpp" alt="" coords="685,155,752,181">
<area shape="rect" href="$cubicspline_8cpp.html" title="Kernel/cubicspline.cpp" alt="" coords="509,155,661,181">
<area shape="rect" href="$cubicspline1D_8cpp.html" title="Kernel/cubicspline1D.cpp" alt="" coords="776,155,944,181">
<area shape="rect" href="$harmonic_8cpp.html" title="Kernel/harmonic.cpp" alt="" coords="968,155,1107,181">
<area shape="rect" href="$quinticspline_8cpp.html" title="Kernel/quinticspline.cpp" alt="" coords="1131,155,1291,181">
