<area shape="rect" href="$hydrodynamics_8cpp.html" title="hydrodynamics.cpp" alt="" coords="5,84,155,111">
<area shape="rect" href="$initiation_8cpp.html" title="initiation.cpp" alt="" coords="179,84,285,111">
<area shape="rect" href="$interaction_8cpp.html" title="interaction.cpp" alt="" coords="309,84,432,111">
<area shape="rect" href="$betaspline_8h.html" title="Beta spline kernel function." alt="" coords="456,84,605,111">
<area shape="rect" href="$cubicspline_8h.html" title="cubic spline kernel 1D" alt="" coords="629,84,781,111">
<area shape="rect" href="$cubicspline1D_8h_source.html" title="Kernel/cubicspline1D.h" alt="" coords="805,84,976,111">
<area shape="rect" href="$harmonic_8h.html" title="harmonic kernel" alt="" coords="1000,84,1141,111">
<area shape="rect" href="$kernel_8cpp.html" title="the abstract kernel base class" alt="" coords="1352,84,1488,111">
<area shape="rect" href="$quinticspline_8h.html" title="Quintic spline kernel." alt="" coords="1165,84,1328,111">
<area shape="rect" href="$betaspline_8cpp.html" title="Kernel/betaspline.cpp" alt="" coords="376,161,541,188">
<area shape="rect" href="$sph_8cpp.html" title="sph.cpp" alt="" coords="757,161,829,188">
<area shape="rect" href="$cubicspline_8cpp.html" title="Kernel/cubicspline.cpp" alt="" coords="565,161,733,188">
<area shape="rect" href="$cubicspline1D_8cpp.html" title="Kernel/cubicspline1D.cpp" alt="" coords="853,161,1040,188">
<area shape="rect" href="$harmonic_8cpp.html" title="Kernel/harmonic.cpp" alt="" coords="1064,161,1221,188">
<area shape="rect" href="$quinticspline_8cpp.html" title="Kernel/quinticspline.cpp" alt="" coords="1245,161,1424,188">
