<area shape="rect" href="$hydrodynamics_8h.html" title="Definition of materials and their hydrodynamical interactions." alt="" coords="360,80,480,107">
<area shape="rect" href="$material_8cpp.html" title="material.cpp" alt="" coords="504,80,595,107">
<area shape="rect" href="$particle_8cpp.html" title="particle.cpp" alt="" coords="619,80,707,107">
<area shape="rect" href="$hydrodynamics_8cpp.html" title="hydrodynamics.cpp" alt="" coords="5,155,139,181">
<area shape="rect" href="$initiation_8cpp.html" title="initiation.cpp" alt="" coords="163,155,256,181">
<area shape="rect" href="$output_8cpp.html" title="output.cpp" alt="" coords="280,155,363,181">
<area shape="rect" href="$sph_8cpp.html" title="sph.cpp" alt="" coords="387,155,453,181">
<area shape="rect" href="$gastimesolverLeapFrog_8cpp.html" title="TimeSolver/gastimesolverLeapFrog.cpp" alt="" coords="477,155,728,181">
<area shape="rect" href="$gastimesolverPredCorr_8cpp.html" title="TimeSolver/gastimesolverPredCorr.cpp" alt="" coords="752,155,1000,181">
<area shape="rect" href="$timesolver_8cpp.html" title="TimeSolver/timesolver.cpp" alt="" coords="1024,155,1200,181">
