<area shape="rect" href="$hydrodynamics_8h.html" title="Definition of materials and their hydrodynamical interactions." alt="" coords="675,161,808,188">
<area shape="rect" href="$particlemanager_8h.html" title="particle manager" alt="" coords="563,84,704,111">
<area shape="rect" href="$output_8h.html" title="Output the computational results Output class." alt="" coords="829,84,909,111">
<area shape="rect" href="$initiation_8h.html" title="initializes the simulation data" alt="" coords="832,161,923,188">
<area shape="rect" href="$boundary_8h.html" title="Bonudary conditions." alt="" coords="933,84,1027,111">
<area shape="rect" href="$material_8h.html" title="Material." alt="" coords="805,239,893,265">
<area shape="rect" href="$vec2d_8h.html" title="Define 2&#45;d vectors and associated operations." alt="" coords="600,239,675,265">
<area shape="rect" href="$glbtype_8h.html" title="Global types." alt="" coords="699,239,781,265">
<area shape="rect" href="$particle_8h.html" title="a sph particle" alt="" coords="517,161,600,188">
<area shape="rect" href="$cpptcl_8h_source.html" title="cpptcl.h" alt="" coords="1845,239,1920,265">
