<area shape="rect" href="$particlemanager_8h.html" title="particle manager" alt="" coords="464,84,605,111">
<area shape="rect" href="$vec2d_8h.html" title="Define 2&#45;d vectors and associated operations." alt="" coords="643,239,717,265">
<area shape="rect" href="$hydrodynamics_8h.html" title="Definition of materials and their hydrodynamical interactions." alt="" coords="267,161,400,188">
<area shape="rect" href="$gastimesolverLeapFrog_8h.html" title="Time solver class." alt="" coords="2208,84,2475,111">
<area shape="rect" href="$gastimesolverPredCorr_8h.html" title="Time solver class." alt="" coords="1677,84,1941,111">
<area shape="rect" href="$hydrotimesolver_8h.html" title="Time solver class." alt="" coords="1965,84,2184,111">
<area shape="rect" href="$interaction_8h.html" title="Defines interaction between particles." alt="" coords="581,161,688,188">
<area shape="rect" href="$initiation_8h.html" title="initializes the simulation data" alt="" coords="1595,161,1685,188">
<area shape="rect" href="$output_8h.html" title="Output the computational results Output class." alt="" coords="2499,84,2579,111">
<area shape="rect" href="$boundary_8h.html" title="Bonudary conditions." alt="" coords="2603,84,2696,111">
<area shape="rect" href="$quinticspline_8h.html" title="Quintic spline kernel." alt="" coords="1069,84,1232,111">
<area shape="rect" href="$cubicspline_8h.html" title="cubic spline kernel 1D" alt="" coords="1256,84,1408,111">
<area shape="rect" href="$cubicspline1D_8h_source.html" title="Kernel/cubicspline1D.h" alt="" coords="1432,84,1603,111">
<area shape="rect" href="$betaspline_8h.html" title="Beta spline kernel function." alt="" coords="731,84,880,111">
<area shape="rect" href="$harmonic_8h.html" title="harmonic kernel" alt="" coords="904,84,1045,111">
<area shape="rect" href="$particle_8h.html" title="a sph particle" alt="" coords="424,161,507,188">
<area shape="rect" href="$glbtype_8h.html" title="Global types." alt="" coords="489,239,572,265">
<area shape="rect" href="$material_8h.html" title="Material." alt="" coords="281,239,369,265">
<area shape="rect" href="$timesolver_8h.html" title="Time solver class." alt="" coords="1984,161,2165,188">
<area shape="rect" href="$cpptcl_8h_source.html" title="cpptcl.h" alt="" coords="1912,239,1987,265">
<area shape="rect" href="$kernel_8h.html" title="Kernel abstract base." alt="" coords="1003,161,1123,188">
