<area shape="rect" href="$hydrodynamics_8h.html" title="Definition of materials and their hydrodynamical interactions." alt="" coords="541,161,675,188">
<area shape="rect" href="$particlemanager_8h.html" title="particle manager" alt="" coords="431,84,572,111">
<area shape="rect" href="$timesolver_8h.html" title="Time solver class." alt="" coords="697,84,801,111">
<area shape="rect" href="$initiation_8h.html" title="initializes the simulation data" alt="" coords="699,161,789,188">
<area shape="rect" href="$boundary_8h.html" title="Bonudary conditions." alt="" coords="825,84,919,111">
<area shape="rect" href="$material_8h.html" title="Material." alt="" coords="635,239,723,265">
<area shape="rect" href="$vec2d_8h.html" title="Define 2&#45;d vectors and associated operations." alt="" coords="429,239,504,265">
<area shape="rect" href="$glbtype_8h.html" title="Global types." alt="" coords="528,239,611,265">
<area shape="rect" href="$particle_8h.html" title="a sph particle" alt="" coords="384,161,467,188">
<area shape="rect" href="$cpptcl_8h_source.html" title="cpptcl.h" alt="" coords="1503,239,1577,265">
