<area shape="rect" href="$hydrodynamics_8h.html" title="Definition of materials and their hydrodynamical interactions." alt="" coords="699,161,832,188">
<area shape="rect" href="$sph_8cpp.html" title="sph.cpp" alt="" coords="1536,239,1608,265">
<area shape="rect" href="$particlemanager_8h.html" title="particle manager" alt="" coords="856,161,997,188">
<area shape="rect" href="$particle_8h.html" title="a sph particle" alt="" coords="1124,84,1207,111">
<area shape="rect" href="$initiation_8h.html" title="initializes the simulation data" alt="" coords="1021,161,1112,188">
<area shape="rect" href="$kernel_8h.html" title="Kernel abstract base." alt="" coords="1627,84,1747,111">
<area shape="rect" href="$hydrodynamics_8cpp.html" title="hydrodynamics.cpp" alt="" coords="957,239,1107,265">
<area shape="rect" href="$initiation_8cpp.html" title="initiation.cpp" alt="" coords="1131,239,1237,265">
<area shape="rect" href="$output_8cpp.html" title="output.cpp" alt="" coords="531,239,627,265">
<area shape="rect" href="$gastimesolverLeapFrog_8cpp.html" title="TimeSolver/gastimesolverLeapFrog.cpp" alt="" coords="651,239,933,265">
<area shape="rect" href="$gastimesolverPredCorr_8cpp.html" title="TimeSolver/gastimesolverPredCorr.cpp" alt="" coords="227,239,507,265">
<area shape="rect" href="$timesolver_8cpp.html" title="TimeSolver/timesolver.cpp" alt="" coords="5,239,203,265">
<area shape="rect" href="$interaction_8cpp.html" title="interaction.cpp" alt="" coords="1389,239,1512,265">
<area shape="rect" href="$particle_8cpp.html" title="particle.cpp" alt="" coords="1136,161,1235,188">
<area shape="rect" href="$material_8cpp.html" title="material.cpp" alt="" coords="1261,239,1365,265">
<area shape="rect" href="$betaspline_8h.html" title="Beta spline kernel function." alt="" coords="2059,161,2208,188">
<area shape="rect" href="$cubicspline_8h.html" title="cubic spline kernel 1D" alt="" coords="2232,161,2384,188">
<area shape="rect" href="$cubicspline1D_8h_source.html" title="Kernel/cubicspline1D.h" alt="" coords="1512,161,1683,188">
<area shape="rect" href="$harmonic_8h.html" title="harmonic kernel" alt="" coords="1707,161,1848,188">
<area shape="rect" href="$kernel_8cpp.html" title="the abstract kernel base class" alt="" coords="2408,161,2544,188">
<area shape="rect" href="$quinticspline_8h.html" title="Quintic spline kernel." alt="" coords="1872,161,2035,188">
<area shape="rect" href="$betaspline_8cpp.html" title="Kernel/betaspline.cpp" alt="" coords="2227,239,2392,265">
<area shape="rect" href="$cubicspline_8cpp.html" title="Kernel/cubicspline.cpp" alt="" coords="2416,239,2584,265">
<area shape="rect" href="$cubicspline1D_8cpp.html" title="Kernel/cubicspline1D.cpp" alt="" coords="1632,239,1819,265">
<area shape="rect" href="$harmonic_8cpp.html" title="Kernel/harmonic.cpp" alt="" coords="1843,239,2000,265">
<area shape="rect" href="$quinticspline_8cpp.html" title="Kernel/quinticspline.cpp" alt="" coords="2024,239,2203,265">
