<area shape="rect" href="$array-impl_8h.html" title="blitz/array&#45;impl.h" alt="" coords="2497,80,2615,107">
<area shape="rect" href="$blitz_8h.html" title="blitz/blitz.h" alt="" coords="409,453,492,480">
<area shape="rect" href="$memblock_8h.html" title="blitz/memblock.h" alt="" coords="243,379,363,405">
<area shape="rect" href="$range_8h.html" title="blitz/range.h" alt="" coords="1069,379,1163,405">
<area shape="rect" href="$tinyvec_8h.html" title="blitz/tinyvec.h" alt="" coords="964,229,1065,256">
<area shape="rect" href="$indexexpr_8h.html" title="blitz/indexexpr.h" alt="" coords="1367,155,1481,181">
<area shape="rect" href="$prettyprint_8h.html" title="blitz/prettyprint.h" alt="" coords="1316,229,1433,256">
<area shape="rect" href="$compiler_8h.html" title="blitz/compiler.h" alt="" coords="5,528,112,555">
<area shape="rect" href="$tuning_8h.html" title="blitz/tuning.h" alt="" coords="136,528,232,555">
<area shape="rect" href="$listinit_8h.html" title="blitz/listinit.h" alt="" coords="820,379,913,405">
<area shape="rect" href="$tinyveciter_8h.html" title="blitz/tinyveciter.h" alt="" coords="608,304,728,331">
<area shape="rect" href="$tvecglobs_8h.html" title="blitz/tvecglobs.h" alt="" coords="752,304,867,331">
<area shape="rect" href="$vector_8h.html" title="blitz/vector.h" alt="" coords="488,304,584,331">
