<area shape="rect" href="$array-impl_8h.html" title="blitz/array&#45;impl.h" alt="" coords="192,453,309,480">
<area shape="rect" href="$extremum_8h.html" title="blitz/extremum.h" alt="" coords="511,80,628,107">
<area shape="rect" href="$vector_8h.html" title="blitz/vector.h" alt="" coords="437,229,533,256">
<area shape="rect" href="$tinyvec_8h.html" title="blitz/tinyvec.h" alt="" coords="211,304,312,331">
<area shape="rect" href="$matrix_8h.html" title="blitz/matrix.h" alt="" coords="807,229,903,256">
<area shape="rect" href="$memblock_8h.html" title="blitz/memblock.h" alt="" coords="659,155,779,181">
<area shape="rect" href="$mstruct_8h.html" title="blitz/mstruct.h" alt="" coords="803,155,907,181">
<area shape="rect" href="$numtrait_8h.html" title="blitz/numtrait.h" alt="" coords="380,80,487,107">
<area shape="rect" href="$reduce_8h.html" title="blitz/reduce.h" alt="" coords="536,155,635,181">
<area shape="rect" href="$ops_8h.html" title="blitz/ops.h" alt="" coords="964,80,1044,107">
<area shape="rect" href="$rand-mt_8h.html" title="blitz/rand&#45;mt.h" alt="" coords="1068,80,1172,107">
<area shape="rect" href="$random_8h.html" title="blitz/random.h" alt="" coords="1196,80,1300,107">
<area shape="rect" href="$range_8h.html" title="blitz/range.h" alt="" coords="131,155,224,181">
<area shape="rect" href="$zero_8h.html" title="blitz/zero.h" alt="" coords="753,80,839,107">
<area shape="rect" href="$mt_8h.html" title="random/mt.h" alt="" coords="1359,80,1452,107">
<area shape="rect" href="$array_8h.html" title="blitz/array.h" alt="" coords="207,528,295,555">
<area shape="rect" href="$vecglobs_8h.html" title="blitz/vecglobs.h" alt="" coords="400,155,512,181">
<area shape="rect" href="$vecpick_8h.html" title="blitz/vecpick.h" alt="" coords="571,304,675,331">
<area shape="rect" href="$vector-et_8h.html" title="blitz/vector&#45;et.h" alt="" coords="429,304,541,331">
<area shape="rect" href="$indexexpr_8h.html" title="blitz/indexexpr.h" alt="" coords="288,379,403,405">
<area shape="rect" href="$tinyvec-et_8h.html" title="blitz/tinyvec&#45;et.h" alt="" coords="427,379,544,405">
<area shape="rect" href="$tinyveciter_8h.html" title="blitz/tinyveciter.h" alt="" coords="93,379,213,405">
<area shape="rect" href="$vecpickiter_8h.html" title="blitz/vecpickiter.h" alt="" coords="568,379,691,405">
<area shape="rect" href="$tvecglobs_8h.html" title="blitz/tvecglobs.h" alt="" coords="299,229,413,256">
<area shape="rect" href="$rand-dunif_8h.html" title="blitz/rand&#45;dunif.h" alt="" coords="953,229,1071,256">
<area shape="rect" href="$rand-normal_8h.html" title="blitz/rand&#45;normal.h" alt="" coords="1156,229,1284,256">
<area shape="rect" href="$rand-tt800_8h.html" title="blitz/rand&#45;tt800.h" alt="" coords="1189,155,1307,181">
<area shape="rect" href="$rand-uniform_8h.html" title="blitz/rand&#45;uniform.h" alt="" coords="1035,155,1165,181">
<area shape="rect" href="$default_8h.html" title="random/default.h" alt="" coords="1381,155,1499,181">
<area shape="rect" href="$discrete-uniform_8h.html" title="random/discrete&#45;uniform.h" alt="" coords="1339,229,1509,256">
<area shape="rect" href="$uniform_8h.html" title="random/uniform.h" alt="" coords="1533,229,1656,256">
<area shape="rect" href="$beta_8h.html" title="random/beta.h" alt="" coords="1609,304,1713,331">
<area shape="rect" href="$exponential_8h.html" title="random/exponential.h" alt="" coords="1300,304,1444,331">
<area shape="rect" href="$gamma_8h.html" title="random/gamma.h" alt="" coords="1465,379,1588,405">
<area shape="rect" href="$normal_8h.html" title="random/normal.h" alt="" coords="1468,304,1585,331">
<area shape="rect" href="$chisquare_8h.html" title="random/chisquare.h" alt="" coords="1525,453,1661,480">
<area shape="rect" href="$F_8h.html" title="random/F.h" alt="" coords="1416,453,1501,480">
