<area shape="rect" href="$compiler_8h.html" title="blitz/compiler.h" alt="" coords="663,80,769,107">
<area shape="rect" href="$blitz_8h.html" title="blitz/blitz.h" alt="" coords="675,155,757,181">
<area shape="rect" href="$array-impl_8h.html" title="blitz/array&#45;impl.h" alt="" coords="192,603,309,629">
<area shape="rect" href="$extremum_8h.html" title="blitz/extremum.h" alt="" coords="511,229,628,256">
<area shape="rect" href="$vector_8h.html" title="blitz/vector.h" alt="" coords="437,379,533,405">
<area shape="rect" href="$tinyvec_8h.html" title="blitz/tinyvec.h" alt="" coords="211,453,312,480">
<area shape="rect" href="$matrix_8h.html" title="blitz/matrix.h" alt="" coords="807,379,903,405">
<area shape="rect" href="$memblock_8h.html" title="blitz/memblock.h" alt="" coords="659,304,779,331">
<area shape="rect" href="$mstruct_8h.html" title="blitz/mstruct.h" alt="" coords="803,304,907,331">
<area shape="rect" href="$numtrait_8h.html" title="blitz/numtrait.h" alt="" coords="380,229,487,256">
<area shape="rect" href="$reduce_8h.html" title="blitz/reduce.h" alt="" coords="536,304,635,331">
<area shape="rect" href="$ops_8h.html" title="blitz/ops.h" alt="" coords="964,229,1044,256">
<area shape="rect" href="$rand-mt_8h.html" title="blitz/rand&#45;mt.h" alt="" coords="1068,229,1172,256">
<area shape="rect" href="$random_8h.html" title="blitz/random.h" alt="" coords="1196,229,1300,256">
<area shape="rect" href="$range_8h.html" title="blitz/range.h" alt="" coords="131,304,224,331">
<area shape="rect" href="$zero_8h.html" title="blitz/zero.h" alt="" coords="753,229,839,256">
<area shape="rect" href="$mt_8h.html" title="random/mt.h" alt="" coords="1359,229,1452,256">
<area shape="rect" href="$array_8h.html" title="blitz/array.h" alt="" coords="207,677,295,704">
<area shape="rect" href="$vecglobs_8h.html" title="blitz/vecglobs.h" alt="" coords="400,304,512,331">
<area shape="rect" href="$vecpick_8h.html" title="blitz/vecpick.h" alt="" coords="571,453,675,480">
<area shape="rect" href="$vector-et_8h.html" title="blitz/vector&#45;et.h" alt="" coords="429,453,541,480">
<area shape="rect" href="$indexexpr_8h.html" title="blitz/indexexpr.h" alt="" coords="288,528,403,555">
<area shape="rect" href="$tinyvec-et_8h.html" title="blitz/tinyvec&#45;et.h" alt="" coords="427,528,544,555">
<area shape="rect" href="$tinyveciter_8h.html" title="blitz/tinyveciter.h" alt="" coords="93,528,213,555">
<area shape="rect" href="$vecpickiter_8h.html" title="blitz/vecpickiter.h" alt="" coords="568,528,691,555">
<area shape="rect" href="$tvecglobs_8h.html" title="blitz/tvecglobs.h" alt="" coords="299,379,413,405">
<area shape="rect" href="$rand-dunif_8h.html" title="blitz/rand&#45;dunif.h" alt="" coords="953,379,1071,405">
<area shape="rect" href="$rand-normal_8h.html" title="blitz/rand&#45;normal.h" alt="" coords="1156,379,1284,405">
<area shape="rect" href="$rand-tt800_8h.html" title="blitz/rand&#45;tt800.h" alt="" coords="1189,304,1307,331">
<area shape="rect" href="$rand-uniform_8h.html" title="blitz/rand&#45;uniform.h" alt="" coords="1035,304,1165,331">
<area shape="rect" href="$default_8h.html" title="random/default.h" alt="" coords="1381,304,1499,331">
<area shape="rect" href="$discrete-uniform_8h.html" title="random/discrete&#45;uniform.h" alt="" coords="1339,379,1509,405">
<area shape="rect" href="$uniform_8h.html" title="random/uniform.h" alt="" coords="1533,379,1656,405">
<area shape="rect" href="$beta_8h.html" title="random/beta.h" alt="" coords="1609,453,1713,480">
<area shape="rect" href="$exponential_8h.html" title="random/exponential.h" alt="" coords="1300,453,1444,480">
<area shape="rect" href="$gamma_8h.html" title="random/gamma.h" alt="" coords="1465,528,1588,555">
<area shape="rect" href="$normal_8h.html" title="random/normal.h" alt="" coords="1468,453,1585,480">
<area shape="rect" href="$chisquare_8h.html" title="random/chisquare.h" alt="" coords="1525,603,1661,629">
<area shape="rect" href="$F_8h.html" title="random/F.h" alt="" coords="1416,603,1501,629">
