<area shape="rect" href="$classColumnMajor.html" title="{ColumnMajor\n||+ ColumnMajor()\l+ ColumnMajor()\l+ coordToOffset()\l+ get()\l+ get()\l}" alt="" coords="5,677,128,821">
<area shape="rect" href="$classRowMajor.html" title="{RowMajor\n||+ RowMajor()\l+ RowMajor()\l+ coordToOffset()\l+ get()\l+ get()\l}" alt="" coords="152,677,275,821">
<area shape="rect" href="$classToeplitz.html" title="{Toeplitz\n|&#45; rows_\l&#45; cols_\l|+ Toeplitz()\l+ Toeplitz()\l+ columns()\l+ coordToOffset()\l+ firstInRow()\l+ get()\l+ get()\l+ lastInRow()\l+ firstInCol()\l+ lastInCol()\l+ inRange()\l+ numElements()\l+ rows()\l+ resize()\l}" alt="" coords="299,597,421,901">
<area shape="rect" href="$classAsymmetricMatrix.html" title="{AsymmetricMatrix\n|# rows_\l# cols_\l|+ AsymmetricMatrix()\l+ AsymmetricMatrix()\l+ columns()\l+ cols()\l+ inRange()\l+ resize()\l+ rows()\l}" alt="" coords="140,133,287,325">
<area shape="rect" href="$classMatrixStructure.html" title="{MatrixStructure\n||}" alt="" coords="159,5,268,85">
