<area shape="rect" href="$classIRNGWrapper.html" title="{IRNGWrapper\&lt; IRNG, stateTag \&gt;\n||}" alt="" coords="932,149,1148,229">
<area shape="rect" href="$classDiscreteUniform.html" title="{DiscreteUniform\&lt; BZ_TEMPLATE_DEFAULT \&gt;\n|&#45; low_\l&#45; range_\l&#45; uniform_\l&#45; n_\l|+ DiscreteUniform()\l+ randomize()\l+ random()\l+ DiscreteUniform()\l+ DiscreteUniform()\l+ random()\l}" alt="" coords="5,280,301,488">
<area shape="rect" href="$classUniformClosed_3_01double_00_01IRNG_00_01stateTag_01_4.html" title="{UniformClosed\&lt; double, IRNG, stateTag \&gt;\n||+ UniformClosed()\l+ UniformClosed()\l+ random()\l+ getUniform()\l}" alt="" coords="325,320,592,448">
<area shape="rect" href="$classUniformClosed_3_01float_00_01IRNG_00_01stateTag_01_4.html" title="{UniformClosed\&lt; float, IRNG, stateTag \&gt;\n||+ UniformClosed()\l+ UniformClosed()\l+ random()\l+ getUniform()\l}" alt="" coords="616,320,869,448">
<area shape="rect" href="$classUniformClosed_3_01long_01double_00_01IRNG_00_01stateTag_01_4.html" title="{UniformClosed\&lt; long double, IRNG, stateTag \&gt;\n||+ UniformClosed()\l+ UniformClosed()\l+ random()\l+ getUniform()\l}" alt="" coords="893,320,1187,448">
<area shape="rect" href="$classUniformClosedOpen_3_01double_00_01IRNG_00_01stateTag_01_4.html" title="{UniformClosedOpen\&lt; double, IRNG, stateTag \&gt;\n||+ UniformClosedOpen()\l+ UniformClosedOpen()\l+ random()\l+ getUniform()\l}" alt="" coords="1211,320,1507,448">
<area shape="rect" href="$classUniformClosedOpen_3_01float_00_01IRNG_00_01stateTag_01_4.html" title="{UniformClosedOpen\&lt; float, IRNG, stateTag \&gt;\n||+ UniformClosedOpen()\l+ UniformClosedOpen()\l+ random()\l+ getUniform()\l}" alt="" coords="1531,320,1813,448">
<area shape="rect" href="$classUniformClosedOpen_3_01long_01double_00_01IRNG_00_01stateTag_01_4.html" title="{UniformClosedOpen\&lt; long double, IRNG, stateTag \&gt;\n||+ UniformClosedOpen()\l+ UniformClosedOpen()\l+ random()\l+ getUniform()\l}" alt="" coords="1837,320,2163,448">
