<area shape="rect" href="$classAsymmetricMatrix.html" title="{AsymmetricMatrix\n|# rows_\l# cols_\l|+ AsymmetricMatrix()\l+ AsymmetricMatrix()\l+ columns()\l+ cols()\l+ inRange()\l+ resize()\l+ rows()\l}" alt="" coords="140,197,287,389">
<area shape="rect" href="$classDiagonal.html" title="{Diagonal\n|&#45; size_\l|+ Diagonal()\l+ Diagonal()\l+ Diagonal()\l+ columns()\l+ coordToOffset()\l+ firstInRow()\l+ get()\l+ get()\l+ lastInRow()\l+ firstInCol()\l+ lastInCol()\l+ inRange()\l+ numElements()\l+ rows()\l+ resize()\l+ resize()\l}" alt="" coords="311,133,433,453">
<area shape="rect" href="$classLowerTriangular.html" title="{LowerTriangular\n|&#45; size_\l|+ LowerTriangular()\l+ LowerTriangular()\l+ LowerTriangular()\l+ columns()\l+ coordToOffset()\l+ firstInRow()\l+ get()\l+ get()\l+ lastInRow()\l+ firstInCol()\l+ lastInCol()\l+ inRange()\l+ numElements()\l+ rows()\l+ resize()\l+ resize()\l}" alt="" coords="457,133,588,453">
<area shape="rect" href="$classSymmetric.html" title="{Symmetric\n|&#45; size_\l|+ Symmetric()\l+ Symmetric()\l+ Symmetric()\l+ columns()\l+ coordToOffset()\l+ firstInRow()\l+ get()\l+ get()\l+ lastInRow()\l+ firstInCol()\l+ lastInCol()\l+ inRange()\l+ numElements()\l+ rows()\l+ resize()\l+ resize()\l}" alt="" coords="612,133,735,453">
<area shape="rect" href="$classUpperTriangular.html" title="{UpperTriangular\n|&#45; size_\l|+ UpperTriangular()\l+ UpperTriangular()\l+ UpperTriangular()\l+ columns()\l+ coordToOffset()\l+ firstInRow()\l+ get()\l+ get()\l+ lastInRow()\l+ firstInCol()\l+ lastInCol()\l+ inRange()\l+ numElements()\l+ rows()\l+ resize()\l+ resize()\l}" alt="" coords="759,133,889,453">
<area shape="rect" href="$classGeneralMatrix.html" title="{GeneralMatrix\n||+ GeneralMatrix()\l+ GeneralMatrix()\l+ firstInRow()\l+ lastInRow()\l+ firstInCol()\l+ lastInCol()\l+ numElements()\l}" alt="" coords="152,501,275,677">
<area shape="rect" href="$classColumnMajor.html" title="{ColumnMajor\n||+ ColumnMajor()\l+ ColumnMajor()\l+ coordToOffset()\l+ get()\l+ get()\l}" alt="" coords="5,805,128,949">
<area shape="rect" href="$classRowMajor.html" title="{RowMajor\n||+ RowMajor()\l+ RowMajor()\l+ coordToOffset()\l+ get()\l+ get()\l}" alt="" coords="152,805,275,949">
<area shape="rect" href="$classToeplitz.html" title="{Toeplitz\n|&#45; rows_\l&#45; cols_\l|+ Toeplitz()\l+ Toeplitz()\l+ columns()\l+ coordToOffset()\l+ firstInRow()\l+ get()\l+ get()\l+ lastInRow()\l+ firstInCol()\l+ lastInCol()\l+ inRange()\l+ numElements()\l+ rows()\l+ resize()\l}" alt="" coords="299,725,421,1029">
