<area shape="rect" href="$classUniformOpen.html" title="{UniformOpen\&lt; T,IRNG,stateTag \&gt;\n||+ UniformOpen()\l+ UniformOpen()\l+ random()\l+ getUniform()\l}" alt="" coords="320,328,539,456">
<area shape="rect" href="$classUniformOpen.html" title="{UniformOpen\&lt; T,IRNG,sharedState \&gt;\n||+ UniformOpen()\l+ UniformOpen()\l+ random()\l+ getUniform()\l}" alt="" coords="737,328,975,456">
<area shape="rect" href="$classUniformClosedOpen.html" title="{UniformClosedOpen\&lt; T, IRNG, stateTag \&gt;\n||}" alt="" coords="457,5,724,85">
<area shape="rect" href="$classExponentialUnit.html" title="{ExponentialUnit\&lt; T, IRNG, stateTag \&gt;\n||+ ExponentialUnit()\l+ ExponentialUnit()\l+ random()\l}" alt="" coords="5,579,245,691">
<area shape="rect" href="$classGamma.html" title="{Gamma\&lt; T, IRNG, stateTag \&gt;\n|# normal_\l# exponential_\l# a\l|+ Gamma()\l+ Gamma()\l+ Gamma()\l+ Gamma()\l+ random()\l+ setMean()\l# ranf()\l# snorm()\l# sexpo()\l# fsign()\l}" alt="" coords="269,507,464,763">
<area shape="rect" href="$classNormalUnit.html" title="{NormalUnit\&lt; T, IRNG, stateTag \&gt;\n||+ NormalUnit()\l+ NormalUnit()\l+ random()\l}" alt="" coords="488,579,701,691">
<area shape="rect" href="$classExponential.html" title="{Exponential\&lt; T, IRNG, stateTag \&gt;\n|&#45; mean_\l|+ Exponential()\l+ Exponential()\l+ random()\l}" alt="" coords="16,869,235,981">
<area shape="rect" href="$classChiSquare.html" title="{ChiSquare\&lt; T, IRNG, stateTag \&gt;\n|# df\l|+ ChiSquare()\l+ ChiSquare()\l+ setDF()\l+ random()\l# sgamma()\l}" alt="" coords="260,853,471,997">
<area shape="rect" href="$classNormal.html" title="{Normal\&lt; BZ_TEMPLATE_DEFAULT \&gt;\n|&#45; mean_\l&#45; sigma_\l&#45; uniform_\l&#45; mean_\l&#45; standardDeviation_\l|+ Normal()\l+ randomize()\l+ random()\l+ Normal()\l+ Normal()\l+ random()\l}" alt="" coords="495,813,740,1037">
<area shape="rect" href="$classExponentialUnit.html" title="{ExponentialUnit\&lt; T, IRNG, sharedState \&gt;\n||+ ExponentialUnit()\l+ ExponentialUnit()\l+ random()\l}" alt="" coords="725,579,987,691">
<area shape="rect" href="$classNormalUnit.html" title="{NormalUnit\&lt; T, IRNG, sharedState \&gt;\n||+ NormalUnit()\l+ NormalUnit()\l+ random()\l}" alt="" coords="1011,579,1245,691">
