<area shape="rect" href="$classUniformOpen.html" title="{UniformOpen\&lt; T, IRNG, stateTag \&gt;\n||+ UniformOpen()\l+ UniformOpen()\l+ random()\l+ getUniform()\l}" alt="" coords="273,357,500,485">
<area shape="rect" href="$classUniformOpen.html" title="{UniformOpen\&lt; T,IRNG,sharedState \&gt;\n||+ UniformOpen()\l+ UniformOpen()\l+ random()\l+ getUniform()\l}" alt="" coords="5,549,243,677">
<area shape="rect" href="$classNormalUnit.html" title="{NormalUnit\&lt; T, IRNG, stateTag \&gt;\n||+ NormalUnit()\l+ NormalUnit()\l+ random()\l}" alt="" coords="531,557,744,669">
<area shape="rect" href="$classExponentialUnit.html" title="{ExponentialUnit\&lt; T, IRNG, stateTag \&gt;\n||+ ExponentialUnit()\l+ ExponentialUnit()\l+ random()\l}" alt="" coords="267,557,507,669">
<area shape="rect" href="$classUniformClosedOpen.html" title="{UniformClosedOpen\&lt; T,IRNG,stateTag \&gt;\n||}" alt="" coords="237,149,496,229">
<area shape="rect" href="$classUniformClosedOpen.html" title="{UniformClosedOpen\&lt; T, IRNG, stateTag \&gt;\n||}" alt="" coords="139,5,405,85">
<area shape="rect" href="$classUniformClosedOpen.html" title="{UniformClosedOpen\&lt; T,IRNG,sharedState \&gt;\n||}" alt="" coords="35,253,312,333">
<area shape="rect" href="$classNormalUnit.html" title="{NormalUnit\&lt; T, IRNG, sharedState \&gt;\n||+ NormalUnit()\l+ NormalUnit()\l+ random()\l}" alt="" coords="501,741,736,853">
<area shape="rect" href="$classExponentialUnit.html" title="{ExponentialUnit\&lt; T, IRNG, sharedState \&gt;\n||+ ExponentialUnit()\l+ ExponentialUnit()\l+ random()\l}" alt="" coords="216,741,477,853">
