<area shape="rect" href="$classUniformClosedOpen.html" title="{UniformClosedOpen\&lt; T,IRNG,stateTag \&gt;\n||}" alt="" coords="640,149,899,229">
<area shape="rect" href="$classUniformClosedOpen.html" title="{UniformClosedOpen\&lt; T,IRNG,sharedState \&gt;\n||}" alt="" coords="1185,253,1463,333">
<area shape="rect" href="$classUniformOpen.html" title="{UniformOpen\&lt; T, IRNG, stateTag \&gt;\n||+ UniformOpen()\l+ UniformOpen()\l+ random()\l+ getUniform()\l}" alt="" coords="656,357,883,485">
<area shape="rect" href="$classUniformOpen.html" title="{UniformOpen\&lt; T,IRNG,stateTag \&gt;\n||+ UniformOpen()\l+ UniformOpen()\l+ random()\l+ getUniform()\l}" alt="" coords="397,357,616,485">
<area shape="rect" href="$classBeta.html" title="{Beta\&lt; T, IRNG, stateTag \&gt;\n|# aa\l# bb\l# infnty\l# minlog\l# expmax\l|+ Beta()\l+ Beta()\l+ random()\l+ setParameters()\l# ranf()\l}" alt="" coords="1137,560,1313,768">
<area shape="rect" href="$classExponentialUnit.html" title="{ExponentialUnit\&lt; T, IRNG, stateTag \&gt;\n||+ ExponentialUnit()\l+ ExponentialUnit()\l+ random()\l}" alt="" coords="361,608,601,720">
<area shape="rect" href="$classGamma.html" title="{Gamma\&lt; T, IRNG, stateTag \&gt;\n|# normal_\l# exponential_\l# a\l|+ Gamma()\l+ Gamma()\l+ Gamma()\l+ Gamma()\l+ random()\l+ setMean()\l# ranf()\l# snorm()\l# sexpo()\l# fsign()\l}" alt="" coords="5,536,200,792">
<area shape="rect" href="$classNormalUnit.html" title="{NormalUnit\&lt; T, IRNG, stateTag \&gt;\n||+ NormalUnit()\l+ NormalUnit()\l+ random()\l}" alt="" coords="763,608,976,720">
<area shape="rect" href="$classExponentialUnit.html" title="{ExponentialUnit\&lt; T, IRNG, sharedState \&gt;\n||+ ExponentialUnit()\l+ ExponentialUnit()\l+ random()\l}" alt="" coords="783,856,1044,968">
<area shape="rect" href="$classNormalUnit.html" title="{NormalUnit\&lt; T, IRNG, sharedState \&gt;\n||+ NormalUnit()\l+ NormalUnit()\l+ random()\l}" alt="" coords="1179,856,1413,968">
<area shape="rect" href="$classUniformOpen.html" title="{UniformOpen\&lt; T,IRNG,sharedState \&gt;\n||+ UniformOpen()\l+ UniformOpen()\l+ random()\l+ getUniform()\l}" alt="" coords="1337,600,1575,728">
