<area shape="rect" href="$vecglobs_8h.html" title="blitz/vecglobs.h" alt="" coords="411,80,523,107">
<area shape="rect" href="$vector_8h.html" title="blitz/vector.h" alt="" coords="419,155,515,181">
<area shape="rect" href="$tinyvec_8h.html" title="blitz/tinyvec.h" alt="" coords="203,229,304,256">
<area shape="rect" href="$vecpick_8h.html" title="blitz/vecpick.h" alt="" coords="484,229,588,256">
<area shape="rect" href="$vector-et_8h.html" title="blitz/vector&#45;et.h" alt="" coords="343,229,455,256">
<area shape="rect" href="$array-impl_8h.html" title="blitz/array&#45;impl.h" alt="" coords="5,379,123,405">
<area shape="rect" href="$indexexpr_8h.html" title="blitz/indexexpr.h" alt="" coords="55,304,169,331">
<area shape="rect" href="$tinyvec-et_8h.html" title="blitz/tinyvec&#45;et.h" alt="" coords="337,304,455,331">
<area shape="rect" href="$tinyveciter_8h.html" title="blitz/tinyveciter.h" alt="" coords="193,304,313,331">
<area shape="rect" href="$array_8h.html" title="blitz/array.h" alt="" coords="20,453,108,480">
<area shape="rect" href="$vecpickiter_8h.html" title="blitz/vecpickiter.h" alt="" coords="479,304,601,331">
