<area shape="rect" href="$classMatrixStructure.html" title="MatrixStructure" alt="" coords="7,157,116,184">
<area shape="rect" href="$classAsymmetricMatrix.html" title="AsymmetricMatrix" alt="" coords="165,56,293,83">
<area shape="rect" href="$classDiagonal.html" title="Diagonal" alt="" coords="193,107,265,133">
<area shape="rect" href="$classLowerTriangular.html" title="LowerTriangular" alt="" coords="173,157,285,184">
<area shape="rect" href="$classSymmetric.html" title="Symmetric" alt="" coords="188,208,271,235">
<area shape="rect" href="$classUpperTriangular.html" title="UpperTriangular" alt="" coords="173,259,285,285">
<area shape="rect" href="$classGeneralMatrix.html" title="GeneralMatrix" alt="" coords="343,56,444,83">
<area shape="rect" href="$classColumnMajor.html" title="ColumnMajor" alt="" coords="495,5,591,32">
<area shape="rect" href="$classRowMajor.html" title="RowMajor" alt="" coords="504,56,581,83">
<area shape="rect" href="$classToeplitz.html" title="Toeplitz" alt="" coords="509,107,576,133">
