<area shape="rect" href="$classIRNGWrapper.html" title="IRNGWrapper\&lt; IRNG, stateTag \&gt;" alt="" coords="5,157,221,184">
<area shape="rect" href="$classDiscreteUniform.html" title="DiscreteUniform\&lt; BZ_TEMPLATE_DEFAULT \&gt;" alt="" coords="284,5,580,32">
<area shape="rect" href="$classUniformClosed_3_01double_00_01IRNG_00_01stateTag_01_4.html" title="UniformClosed\&lt; double, IRNG, stateTag \&gt;" alt="" coords="299,56,565,83">
<area shape="rect" href="$classUniformClosed_3_01float_00_01IRNG_00_01stateTag_01_4.html" title="UniformClosed\&lt; float, IRNG, stateTag \&gt;" alt="" coords="305,107,559,133">
<area shape="rect" href="$classUniformClosed_3_01long_01double_00_01IRNG_00_01stateTag_01_4.html" title="UniformClosed\&lt; long double, IRNG, stateTag \&gt;" alt="" coords="285,157,579,184">
<area shape="rect" href="$classUniformClosedOpen_3_01double_00_01IRNG_00_01stateTag_01_4.html" title="UniformClosedOpen\&lt; double, IRNG, stateTag \&gt;" alt="" coords="284,208,580,235">
<area shape="rect" href="$classUniformClosedOpen_3_01float_00_01IRNG_00_01stateTag_01_4.html" title="UniformClosedOpen\&lt; float, IRNG, stateTag \&gt;" alt="" coords="291,259,573,285">
<area shape="rect" href="$classUniformClosedOpen_3_01long_01double_00_01IRNG_00_01stateTag_01_4.html" title="UniformClosedOpen\&lt; long double, IRNG, stateTag \&gt;" alt="" coords="269,309,595,336">
