<area shape="rect" href="$classUniformClosedOpen.html" title="UniformClosedOpen\&lt; T,IRNG,stateTag \&gt;" alt="" coords="5,157,264,184">
<area shape="rect" href="$classUniformOpen.html" title="UniformOpen\&lt; T, IRNG, stateTag \&gt;" alt="" coords="312,107,539,133">
<area shape="rect" href="$classUniformOpen.html" title="UniformOpen\&lt; T,IRNG,stateTag \&gt;" alt="" coords="316,233,535,260">
<area shape="rect" href="$classBeta.html" title="Beta\&lt; T, IRNG, stateTag \&gt;" alt="" coords="620,5,796,32">
<area shape="rect" href="$classExponentialUnit.html" title="ExponentialUnit\&lt; T, IRNG, stateTag \&gt;" alt="" coords="588,56,828,83">
<area shape="rect" href="$classGamma.html" title="Gamma\&lt; T, IRNG, stateTag \&gt;" alt="" coords="611,107,805,133">
<area shape="rect" href="$classNormalUnit.html" title="NormalUnit\&lt; T, IRNG, stateTag \&gt;" alt="" coords="601,157,815,184">
<area shape="rect" href="$classExponentialUnit.html" title="ExponentialUnit\&lt; T, IRNG, stateTag \&gt;" alt="" coords="588,208,828,235">
<area shape="rect" href="$classGamma.html" title="Gamma\&lt; T, IRNG, stateTag \&gt;" alt="" coords="611,259,805,285">
<area shape="rect" href="$classNormalUnit.html" title="NormalUnit\&lt; T, IRNG, stateTag \&gt;" alt="" coords="601,309,815,336">
<area shape="rect" href="$classExponential.html" title="Exponential\&lt; T, IRNG, stateTag \&gt;" alt="" coords="891,208,1109,235">
<area shape="rect" href="$classChiSquare.html" title="ChiSquare\&lt; T, IRNG, stateTag \&gt;" alt="" coords="895,259,1105,285">
<area shape="rect" href="$classNormal.html" title="Normal\&lt; BZ_TEMPLATE_DEFAULT \&gt;" alt="" coords="877,309,1123,336">
