<area shape="rect" href="$blitz_8h.html" title="blitz/blitz.h" alt="" coords="465,229,548,256">
<area shape="rect" href="$memblock_8h.html" title="blitz/memblock.h" alt="" coords="432,80,552,107">
<area shape="rect" href="$mstruct_8h.html" title="blitz/mstruct.h" alt="" coords="867,80,971,107">
<area shape="rect" href="$compiler_8h.html" title="blitz/compiler.h" alt="" coords="61,304,168,331">
<area shape="rect" href="$tuning_8h.html" title="blitz/tuning.h" alt="" coords="192,304,288,331">
<area shape="rect" href="$bzconfig_8h.html" title="blitz/bzconfig.h" alt="" coords="5,379,115,405">
<area shape="rect" href="$zero_8h.html" title="blitz/zero.h" alt="" coords="691,155,776,181">
<area shape="rect" href="$matgen_8h.html" title="blitz/matgen.h" alt="" coords="800,155,904,181">
<area shape="rect" href="$matsymm_8h.html" title="blitz/matsymm.h" alt="" coords="928,155,1045,181">
<area shape="rect" href="$matdiag_8h.html" title="blitz/matdiag.h" alt="" coords="1069,155,1176,181">
<area shape="rect" href="$mattoep_8h.html" title="blitz/mattoep.h" alt="" coords="1200,155,1307,181">
<area shape="rect" href="$matltri_8h.html" title="blitz/matltri.h" alt="" coords="1331,155,1427,181">
<area shape="rect" href="$matutri_8h.html" title="blitz/matutri.h" alt="" coords="1451,155,1549,181">
