<area shape="rect" href="$array-impl_8h.html" title="blitz/array&#45;impl.h" alt="" coords="5,304,123,331">
<area shape="rect" href="$tinyvec_8h.html" title="blitz/tinyvec.h" alt="" coords="137,155,239,181">
<area shape="rect" href="$vector_8h.html" title="blitz/vector.h" alt="" coords="271,80,367,107">
<area shape="rect" href="$array_8h.html" title="blitz/array.h" alt="" coords="20,379,108,405">
<area shape="rect" href="$indexexpr_8h.html" title="blitz/indexexpr.h" alt="" coords="101,229,216,256">
<area shape="rect" href="$tinyvec-et_8h.html" title="blitz/tinyvec&#45;et.h" alt="" coords="384,229,501,256">
<area shape="rect" href="$tinyveciter_8h.html" title="blitz/tinyveciter.h" alt="" coords="240,229,360,256">
<area shape="rect" href="$vecglobs_8h.html" title="blitz/vecglobs.h" alt="" coords="263,155,375,181">
<area shape="rect" href="$vecpick_8h.html" title="blitz/vecpick.h" alt="" coords="535,155,639,181">
<area shape="rect" href="$vector-et_8h.html" title="blitz/vector&#45;et.h" alt="" coords="399,155,511,181">
<area shape="rect" href="$vecpickiter_8h.html" title="blitz/vecpickiter.h" alt="" coords="525,229,648,256">
