<area shape="rect" href="$vector_8h.html" title="blitz/vector.h" alt="" coords="836,80,932,107">
<area shape="rect" href="$numtrait_8h.html" title="blitz/numtrait.h" alt="" coords="447,80,553,107">
<area shape="rect" href="$extremum_8h.html" title="blitz/extremum.h" alt="" coords="617,80,735,107">
<area shape="rect" href="$blitz_8h.html" title="blitz/blitz.h" alt="" coords="465,229,548,256">
<area shape="rect" href="$memblock_8h.html" title="blitz/memblock.h" alt="" coords="304,155,424,181">
<area shape="rect" href="$range_8h.html" title="blitz/range.h" alt="" coords="600,155,693,181">
<area shape="rect" href="$listinit_8h.html" title="blitz/listinit.h" alt="" coords="717,155,811,181">
<area shape="rect" href="$veciter_8h.html" title="blitz/veciter.h" alt="" coords="835,155,933,181">
<area shape="rect" href="$vecpick_8h.html" title="blitz/vecpick.h" alt="" coords="957,155,1061,181">
<area shape="rect" href="$compiler_8h.html" title="blitz/compiler.h" alt="" coords="61,304,168,331">
<area shape="rect" href="$tuning_8h.html" title="blitz/tuning.h" alt="" coords="192,304,288,331">
<area shape="rect" href="$bzconfig_8h.html" title="blitz/bzconfig.h" alt="" coords="5,379,115,405">
<area shape="rect" href="$vecpickiter_8h.html" title="blitz/vecpickiter.h" alt="" coords="1095,229,1217,256">
