<area shape="rect" href="$vecpick_8h.html" title="blitz/vecpick.h" alt="" coords="845,80,949,107">
<area shape="rect" href="$vector_8h.html" title="blitz/vector.h" alt="" coords="785,155,881,181">
<area shape="rect" href="$blitz_8h.html" title="blitz/blitz.h" alt="" coords="465,379,548,405">
<area shape="rect" href="$memblock_8h.html" title="blitz/memblock.h" alt="" coords="252,229,372,256">
<area shape="rect" href="$range_8h.html" title="blitz/range.h" alt="" coords="424,229,517,256">
<area shape="rect" href="$listinit_8h.html" title="blitz/listinit.h" alt="" coords="541,229,635,256">
<area shape="rect" href="$veciter_8h.html" title="blitz/veciter.h" alt="" coords="659,229,757,256">
<area shape="rect" href="$vecglobs_8h.html" title="blitz/vecglobs.h" alt="" coords="1048,229,1160,256">
<area shape="rect" href="$compiler_8h.html" title="blitz/compiler.h" alt="" coords="61,453,168,480">
<area shape="rect" href="$tuning_8h.html" title="blitz/tuning.h" alt="" coords="192,453,288,480">
<area shape="rect" href="$bzconfig_8h.html" title="blitz/bzconfig.h" alt="" coords="5,528,115,555">
<area shape="rect" href="$numtrait_8h.html" title="blitz/numtrait.h" alt="" coords="784,304,891,331">
<area shape="rect" href="$extremum_8h.html" title="blitz/extremum.h" alt="" coords="1045,304,1163,331">
