<area shape="rect" href="$vecpick_8h.html" title="blitz/vecpick.h" alt="" coords="300,80,404,107">
<area shape="rect" href="$vector_8h.html" title="blitz/vector.h" alt="" coords="304,155,400,181">
<area shape="rect" href="$tinyvec_8h.html" title="blitz/tinyvec.h" alt="" coords="171,229,272,256">
<area shape="rect" href="$vecglobs_8h.html" title="blitz/vecglobs.h" alt="" coords="296,229,408,256">
<area shape="rect" href="$vector-et_8h.html" title="blitz/vector&#45;et.h" alt="" coords="432,229,544,256">
<area shape="rect" href="$array-impl_8h.html" title="blitz/array&#45;impl.h" alt="" coords="5,379,123,405">
<area shape="rect" href="$indexexpr_8h.html" title="blitz/indexexpr.h" alt="" coords="55,304,169,331">
<area shape="rect" href="$tinyvec-et_8h.html" title="blitz/tinyvec&#45;et.h" alt="" coords="368,304,485,331">
<area shape="rect" href="$tinyveciter_8h.html" title="blitz/tinyveciter.h" alt="" coords="193,304,313,331">
<area shape="rect" href="$array_8h.html" title="blitz/array.h" alt="" coords="20,453,108,480">
