<area shape="rect" href="$vector_8h.html" title="blitz/vector.h" alt="" coords="785,80,881,107">
<area shape="rect" href="$vecpickiter_8h.html" title="blitz/vecpickiter.h" alt="" coords="1188,80,1311,107">
<area shape="rect" href="$blitz_8h.html" title="blitz/blitz.h" alt="" coords="465,304,548,331">
<area shape="rect" href="$memblock_8h.html" title="blitz/memblock.h" alt="" coords="252,155,372,181">
<area shape="rect" href="$range_8h.html" title="blitz/range.h" alt="" coords="424,155,517,181">
<area shape="rect" href="$listinit_8h.html" title="blitz/listinit.h" alt="" coords="541,155,635,181">
<area shape="rect" href="$veciter_8h.html" title="blitz/veciter.h" alt="" coords="659,155,757,181">
<area shape="rect" href="$vecglobs_8h.html" title="blitz/vecglobs.h" alt="" coords="1048,155,1160,181">
<area shape="rect" href="$compiler_8h.html" title="blitz/compiler.h" alt="" coords="61,379,168,405">
<area shape="rect" href="$tuning_8h.html" title="blitz/tuning.h" alt="" coords="192,379,288,405">
<area shape="rect" href="$bzconfig_8h.html" title="blitz/bzconfig.h" alt="" coords="5,453,115,480">
<area shape="rect" href="$numtrait_8h.html" title="blitz/numtrait.h" alt="" coords="784,229,891,256">
<area shape="rect" href="$extremum_8h.html" title="blitz/extremum.h" alt="" coords="1045,229,1163,256">
