<area shape="rect" href="$blitz_8h.html" title="blitz/blitz.h" alt="" coords="465,229,548,256">
<area shape="rect" href="$memblock_8h.html" title="blitz/memblock.h" alt="" coords="284,80,404,107">
<area shape="rect" href="$range_8h.html" title="blitz/range.h" alt="" coords="568,80,661,107">
<area shape="rect" href="$listinit_8h.html" title="blitz/listinit.h" alt="" coords="689,80,783,107">
<area shape="rect" href="$veciter_8h.html" title="blitz/veciter.h" alt="" coords="807,80,905,107">
<area shape="rect" href="$vecpick_8h.html" title="blitz/vecpick.h" alt="" coords="929,80,1033,107">
<area shape="rect" href="$vecglobs_8h.html" title="blitz/vecglobs.h" alt="" coords="1324,80,1436,107">
<area shape="rect" href="$compiler_8h.html" title="blitz/compiler.h" alt="" coords="61,304,168,331">
<area shape="rect" href="$tuning_8h.html" title="blitz/tuning.h" alt="" coords="192,304,288,331">
<area shape="rect" href="$bzconfig_8h.html" title="blitz/bzconfig.h" alt="" coords="5,379,115,405">
<area shape="rect" href="$vecpickiter_8h.html" title="blitz/vecpickiter.h" alt="" coords="1067,155,1189,181">
<area shape="rect" href="$numtrait_8h.html" title="blitz/numtrait.h" alt="" coords="1213,155,1320,181">
<area shape="rect" href="$extremum_8h.html" title="blitz/extremum.h" alt="" coords="1475,155,1592,181">
