<area shape="rect" href="$vector_8h.html" title="blitz/vector.h" alt="" coords="933,80,1029,107">
<area shape="rect" href="$blitz_8h.html" title="blitz/blitz.h" alt="" coords="465,304,548,331">
<area shape="rect" href="$memblock_8h.html" title="blitz/memblock.h" alt="" coords="284,155,404,181">
<area shape="rect" href="$range_8h.html" title="blitz/range.h" alt="" coords="568,155,661,181">
<area shape="rect" href="$listinit_8h.html" title="blitz/listinit.h" alt="" coords="689,155,783,181">
<area shape="rect" href="$veciter_8h.html" title="blitz/veciter.h" alt="" coords="807,155,905,181">
<area shape="rect" href="$vecpick_8h.html" title="blitz/vecpick.h" alt="" coords="929,155,1033,181">
<area shape="rect" href="$vecglobs_8h.html" title="blitz/vecglobs.h" alt="" coords="1324,155,1436,181">
<area shape="rect" href="$compiler_8h.html" title="blitz/compiler.h" alt="" coords="61,379,168,405">
<area shape="rect" href="$tuning_8h.html" title="blitz/tuning.h" alt="" coords="192,379,288,405">
<area shape="rect" href="$bzconfig_8h.html" title="blitz/bzconfig.h" alt="" coords="5,453,115,480">
<area shape="rect" href="$vecpickiter_8h.html" title="blitz/vecpickiter.h" alt="" coords="1067,229,1189,256">
<area shape="rect" href="$numtrait_8h.html" title="blitz/numtrait.h" alt="" coords="1213,229,1320,256">
<area shape="rect" href="$extremum_8h.html" title="blitz/extremum.h" alt="" coords="1475,229,1592,256">
